Component: ARM Compiler 5.06 update 2 (build 183) Tool: armlink [4d35b7]

==============================================================================

Section Cross References

    main.o(i.assert_nrf_callback) refers to app_error.o(i.app_error_handler) for app_error_handler
    main.o(i.ble_evt_dispatch) refers to ble_conn_params.o(i.ble_conn_params_on_ble_evt) for ble_conn_params_on_ble_evt
    main.o(i.ble_evt_dispatch) refers to ble_nus.o(i.ble_nus_on_ble_evt) for ble_nus_on_ble_evt
    main.o(i.ble_evt_dispatch) refers to main.o(i.on_ble_evt) for on_ble_evt
    main.o(i.ble_evt_dispatch) refers to ble_advertising.o(i.ble_advertising_on_ble_evt) for ble_advertising_on_ble_evt
    main.o(i.ble_evt_dispatch) refers to bsp_btn_ble.o(i.bsp_btn_ble_on_ble_evt) for bsp_btn_ble_on_ble_evt
    main.o(i.ble_evt_dispatch) refers to main.o(.bss) for .bss
    main.o(i.ble_stack_init) refers to softdevice_handler.o(i.softdevice_handler_init) for softdevice_handler_init
    main.o(i.ble_stack_init) refers to app_error.o(i.app_error_handler_bare) for app_error_handler_bare
    main.o(i.ble_stack_init) refers to softdevice_handler.o(i.softdevice_enable_get_default_config) for softdevice_enable_get_default_config
    main.o(i.ble_stack_init) refers to softdevice_handler.o(i.sd_check_ram_start) for sd_check_ram_start
    main.o(i.ble_stack_init) refers to softdevice_handler.o(i.softdevice_enable) for softdevice_enable
    main.o(i.ble_stack_init) refers to softdevice_handler.o(i.softdevice_ble_evt_handler_set) for softdevice_ble_evt_handler_set
    main.o(i.ble_stack_init) refers to main.o(.constdata) for .constdata
    main.o(i.ble_stack_init) refers to main.o(.bss) for .bss
    main.o(i.ble_stack_init) refers to main.o(i.ble_evt_dispatch) for ble_evt_dispatch
    main.o(i.bsp_configuration) refers to bsp.o(i.bsp_init) for bsp_init
    main.o(i.bsp_configuration) refers to app_error.o(i.app_error_handler_bare) for app_error_handler_bare
    main.o(i.bsp_configuration) refers to main.o(i.bsp_evt_handler) for bsp_evt_handler
    main.o(i.bsp_event_handler) refers to main.o(i.sleep_mode_enter) for sleep_mode_enter
    main.o(i.bsp_event_handler) refers to app_error.o(i.app_error_handler_bare) for app_error_handler_bare
    main.o(i.bsp_event_handler) refers to ble_advertising.o(i.ble_advertising_restart_without_whitelist) for ble_advertising_restart_without_whitelist
    main.o(i.bsp_event_handler) refers to main.o(.data) for .data
    main.o(i.bsp_evt_handler) refers to bsp.o(i.bsp_indication_text_set) for bsp_indication_text_set
    main.o(i.bsp_evt_handler) refers to app_error.o(i.app_error_handler_bare) for app_error_handler_bare
    main.o(i.bsp_evt_handler) refers to main.o(.data) for .data
    main.o(i.conn_params_error_handler) refers to app_error.o(i.app_error_handler_bare) for app_error_handler_bare
    main.o(i.main) refers to app_timer.o(i.app_timer_init) for app_timer_init
    main.o(i.main) refers to app_error.o(i.app_error_handler_bare) for app_error_handler_bare
    main.o(i.main) refers to app_uart_fifo.o(i.app_uart_init) for app_uart_init
    main.o(i.main) refers to main.o(i.ble_stack_init) for ble_stack_init
    main.o(i.main) refers to ble_nus.o(i.ble_nus_init) for ble_nus_init
    main.o(i.main) refers to memseta.o(.text) for __aeabi_memclr4
    main.o(i.main) refers to ble_advertising.o(i.ble_advertising_init) for ble_advertising_init
    main.o(i.main) refers to ble_conn_params.o(i.ble_conn_params_init) for ble_conn_params_init
    main.o(i.main) refers to main.o(i.bsp_configuration) for bsp_configuration
    main.o(i.main) refers to printfa.o(i.__0printf) for __2printf
    main.o(i.main) refers to ble_advertising.o(i.ble_advertising_start) for ble_advertising_start
    main.o(i.main) refers to main.o(i.spi_init) for spi_init
    main.o(i.main) refers to main.o(i.temp_service) for temp_service
    main.o(i.main) refers to main.o(.bss) for .bss
    main.o(i.main) refers to main.o(.constdata) for .constdata
    main.o(i.main) refers to main.o(i.uart_event_handle) for uart_event_handle
    main.o(i.main) refers to main.o(i.nus_data_handler) for nus_data_handler
    main.o(i.main) refers to main.o(.data) for .data
    main.o(i.main) refers to main.o(i.on_adv_evt) for on_adv_evt
    main.o(i.main) refers to main.o(i.on_conn_params_evt) for on_conn_params_evt
    main.o(i.main) refers to main.o(i.conn_params_error_handler) for conn_params_error_handler
    main.o(i.nus_data_handler) refers to app_uart_fifo.o(i.app_uart_put) for app_uart_put
    main.o(i.on_adv_evt) refers to bsp.o(i.bsp_indication_set) for bsp_indication_set
    main.o(i.on_adv_evt) refers to app_error.o(i.app_error_handler_bare) for app_error_handler_bare
    main.o(i.on_adv_evt) refers to main.o(i.sleep_mode_enter) for sleep_mode_enter
    main.o(i.on_ble_evt) refers to app_error.o(i.app_error_handler_bare) for app_error_handler_bare
    main.o(i.on_ble_evt) refers to bsp.o(i.bsp_indication_set) for bsp_indication_set
[...]
    ..\..\..\..\..\..\components\libraries\button\app_button.c 0x00000000   Number         0  app_button.o ABSOLUTE
    ..\..\..\..\..\..\components\libraries\fifo\app_fifo.c 0x00000000   Number         0  app_fifo.o ABSOLUTE
    ..\..\..\..\..\..\components\libraries\fstorage\fstorage.c 0x00000000   Number         0  fstorage.o ABSOLUTE
    ..\..\..\..\..\..\components\libraries\timer\app_timer.c 0x00000000   Number         0  app_timer.o ABSOLUTE
    ..\..\..\..\..\..\components\libraries\uart\app_uart_fifo.c 0x00000000   Number         0  app_uart_fifo.o ABSOLUTE
    ..\..\..\..\..\..\components\libraries\uart\retarget.c 0x00000000   Number         0  retarget.o ABSOLUTE
    ..\..\..\..\..\..\components\libraries\util\app_error.c 0x00000000   Number         0  app_error.o ABSOLUTE
    ..\..\..\..\..\..\components\libraries\util\app_error_weak.c 0x00000000   Number         0  app_error_weak.o ABSOLUTE
    ..\..\..\..\..\..\components\libraries\util\app_util_platform.c 0x00000000   Number         0  app_util_platform.o ABSOLUTE
    ..\..\..\..\..\..\components\libraries\util\nrf_assert.c 0x00000000   Number         0  nrf_assert.o ABSOLUTE
    ..\..\..\..\..\..\components\libraries\util\nrf_log.c 0x00000000   Number         0  nrf_log.o ABSOLUTE
    ..\..\..\..\..\..\components\softdevice\common\softdevice_handler\softdevice_handler.c 0x00000000   Number         0  softdevice_handler.o ABSOLUTE
    ..\..\..\..\..\..\external\segger_rtt\RTT_Syscalls_KEIL.c 0x00000000   Number         0  rtt_syscalls_keil.o ABSOLUTE
    ..\..\..\..\..\..\external\segger_rtt\SEGGER_RTT.c 0x00000000   Number         0  segger_rtt.o ABSOLUTE
    ..\..\..\..\..\..\external\segger_rtt\SEGGER_RTT_printf.c 0x00000000   Number         0  segger_rtt_printf.o ABSOLUTE
    ..\..\..\..\..\bsp\bsp.c                 0x00000000   Number         0  bsp.o ABSOLUTE
    ..\..\..\..\..\bsp\bsp_btn_ble.c         0x00000000   Number         0  bsp_btn_ble.o ABSOLUTE
    ..\..\..\main.c                          0x00000000   Number         0  main.o ABSOLUTE
    ..\\..\\..\\..\\..\\..\\components\\ble\\ble_advertising\\ble_advertising.c 0x00000000   Number         0  ble_advertising.o ABSOLUTE
    ..\\..\\..\\..\\..\\..\\components\\ble\\ble_services\\ble_nus\\ble_nus.c 0x00000000   Number         0  ble_nus.o ABSOLUTE
    ..\\..\\..\\..\\..\\..\\components\\ble\\common\\ble_advdata.c 0x00000000   Number         0  ble_advdata.o ABSOLUTE
    ..\\..\\..\\..\\..\\..\\components\\ble\\common\\ble_conn_params.c 0x00000000   Number         0  ble_conn_params.o ABSOLUTE
    ..\\..\\..\\..\\..\\..\\components\\ble\\common\\ble_srv_common.c 0x00000000   Number         0  ble_srv_common.o ABSOLUTE
    ..\\..\\..\\..\\..\\..\\components\\drivers_nrf\\common\\nrf_drv_common.c 0x00000000   Number         0  nrf_drv_common.o ABSOLUTE
    ..\\..\\..\\..\\..\\..\\components\\drivers_nrf\\delay\\nrf_delay.c 0x00000000   Number         0  nrf_delay.o ABSOLUTE
    ..\\..\\..\\..\\..\\..\\components\\drivers_nrf\\gpiote\\nrf_drv_gpiote.c 0x00000000   Number         0  nrf_drv_gpiote.o ABSOLUTE
    ..\\..\\..\\..\\..\\..\\components\\drivers_nrf\\pstorage\\pstorage.c 0x00000000   Number         0  pstorage.o ABSOLUTE
    ..\\..\\..\\..\\..\\..\\components\\drivers_nrf\\spi_master\\nrf_drv_spi.c 0x00000000   Number         0  nrf_drv_spi.o ABSOLUTE
    ..\\..\\..\\..\\..\\..\\components\\drivers_nrf\\uart\\nrf_drv_uart.c 0x00000000   Number         0  nrf_drv_uart.o ABSOLUTE
    ..\\..\\..\\..\\..\\..\\components\\libraries\\button\\app_button.c 0x00000000   Number         0  app_button.o ABSOLUTE
    ..\\..\\..\\..\\..\\..\\components\\libraries\\fifo\\app_fifo.c 0x00000000   Number         0  app_fifo.o ABSOLUTE
    ..\\..\\..\\..\\..\\..\\components\\libraries\\fstorage\\fstorage.c 0x00000000   Number         0  fstorage.o ABSOLUTE
    ..\\..\\..\\..\\..\\..\\components\\libraries\\timer\\app_timer.c 0x00000000   Number         0  app_timer.o ABSOLUTE
    ..\\..\\..\\..\\..\\..\\components\\libraries\\uart\\app_uart_fifo.c 0x00000000   Number         0  app_uart_fifo.o ABSOLUTE
    ..\\..\\..\\..\\..\\..\\components\\libraries\\uart\\retarget.c 0x00000000   Number         0  retarget.o ABSOLUTE
    ..\\..\\..\\..\\..\\..\\components\\libraries\\util\\app_error.c 0x00000000   Number         0  app_error.o ABSOLUTE
    ..\\..\\..\\..\\..\\..\\components\\libraries\\util\\app_error_weak.c 0x00000000   Number         0  app_error_weak.o ABSOLUTE
    ..\\..\\..\\..\\..\\..\\components\\libraries\\util\\app_util_platform.c 0x00000000   Number         0  app_util_platform.o ABSOLUTE
    ..\\..\\..\\..\\..\\..\\components\\libraries\\util\\nrf_assert.c 0x00000000   Number         0  nrf_assert.o ABSOLUTE
    ..\\..\\..\\..\\..\\..\\components\\libraries\\util\\nrf_log.c 0x00000000   Number         0  nrf_log.o ABSOLUTE
    ..\\..\\..\\..\\..\\..\\components\\softdevice\\common\\softdevice_handler\\softdevice_handler.c 0x00000000   Number         0  softdevice_handler.o ABSOLUTE
    ..\\..\\..\\..\\..\\bsp\\bsp.c           0x00000000   Number         0  bsp.o ABSOLUTE
    ..\\..\\..\\..\\..\\bsp\\bsp_btn_ble.c   0x00000000   Number         0  bsp_btn_ble.o ABSOLUTE
    ..\\..\\..\\main.c                       0x00000000   Number         0  main.o ABSOLUTE
    RTE\Device\nRF51422_xxAC\arm_startup_nrf51.s 0x00000000   Number         0  arm_startup_nrf51.o ABSOLUTE
    RTE\Device\nRF51422_xxAC\system_nrf51.c  0x00000000   Number         0  system_nrf51.o ABSOLUTE
    RTE\\Device\\nRF51422_xxAC\\system_nrf51.c 0x00000000   Number         0  system_nrf51.o ABSOLUTE
    cdrcmple.s                               0x00000000   Number         0  cdrcmple.o ABSOLUTE
    dc.s                                     0x00000000   Number         0  dc.o ABSOLUTE
    handlers.s                               0x00000000   Number         0  handlers.o ABSOLUTE
    init.s                                   0x00000000   Number         0  init.o ABSOLUTE
    RESET                                    0x0001b000   Section      192  arm_startup_nrf51.o(RESET)
    .ARM.Collect$$$$00000000                 0x0001b0c0   Section        0  entry.o(.ARM.Collect$$$$00000000)
    .ARM.Collect$$$$00000001                 0x0001b0c0   Section        4  entry2.o(.ARM.Collect$$$$00000001)
    .ARM.Collect$$$$00000004                 0x0001b0c4   Section        4  entry5.o(.ARM.Collect$$$$00000004)
    .ARM.Collect$$$$00000008                 0x0001b0c8   Section        0  entry7b.o(.ARM.Collect$$$$00000008)
    .ARM.Collect$$$$0000000A                 0x0001b0c8   Section        0  entry8b.o(.ARM.Collect$$$$0000000A)
    .ARM.Collect$$$$0000000B                 0x0001b0c8   Section        8  entry9a.o(.ARM.Collect$$$$0000000B)
    .ARM.Collect$$$$0000000D                 0x0001b0d0   Section        0  entry10a.o(.ARM.Collect$$$$0000000D)
    .ARM.Collect$$$$0000000F                 0x0001b0d0   Section        0  entry11a.o(.ARM.Collect$$$$0000000F)
    .ARM.Collect$$$$00002712                 0x0001b0d0   Section        4  entry2.o(.ARM.Collect$$$$00002712)
    __lit__00000000                          0x0001b0d0   Data           4  entry2.o(.ARM.Collect$$$$00002712)
    .emb_text                                0x0001b0d4   Section       30  app_timer.o(.emb_text)
    .text                                    0x0001b0f4   Section       56  arm_startup_nrf51.o(.text)
    .text                                    0x0001b12c   Section        0  uidiv.o(.text)
    .text                                    0x0001b158   Section        0  memcpya.o(.text)
    .text                                    0x0001b17c   Section        0  memseta.o(.text)
    .text                                    0x0001b1a0   Section        0  uldiv.o(.text)
    .text                                    0x0001b200   Section        0  iusefp.o(.text)
    .text                                    0x0001b200   Section        0  dadd.o(.text)
    .text                                    0x0001b364   Section        0  dmul.o(.text)
    .text                                    0x0001b434   Section        0  ddiv.o(.text)
    .text                                    0x0001b524   Section        0  dfixul.o(.text)
    .text                                    0x0001b564   Section       40  cdrcmple.o(.text)
    .text                                    0x0001b58c   Section       36  init.o(.text)
    .text                                    0x0001b5b0   Section        0  llshl.o(.text)
    .text                                    0x0001b5d0   Section        0  llushr.o(.text)
    .text                                    0x0001b5f2   Section        0  llsshr.o(.text)
    .text                                    0x0001b618   Section        0  depilogue.o(.text)
    .text                                    0x0001b6d6   Section        0  __dczerorl2.o(.text)
    i.GPIOTE_IRQHandler                      0x0001b72c   Section        0  nrf_drv_gpiote.o(i.GPIOTE_IRQHandler)
    i.NVIC_SetPriority                       0x0001b880   Section        0  app_timer.o(i.NVIC_SetPriority)
    NVIC_SetPriority                         0x0001b881   Thumb Code    60  app_timer.o(i.NVIC_SetPriority)
    i.RTC1_IRQHandler                        0x0001b8c4   Section        0  app_timer.o(i.RTC1_IRQHandler)
    i.SPI0_TWI0_IRQHandler                   0x0001b8e4   Section        0  nrf_drv_spi.o(i.SPI0_TWI0_IRQHandler)
    i.SWI0_IRQHandler                        0x0001b91c   Section        0  app_timer.o(i.SWI0_IRQHandler)
    i.SWI2_IRQHandler                        0x0001b924   Section        0  softdevice_handler.o(i.SWI2_IRQHandler)
    i.SystemInit                             0x0001b944   Section        0  system_nrf51.o(i.SystemInit)
    i.UART0_IRQHandler                       0x0001ba30   Section        0  nrf_drv_uart.o(i.UART0_IRQHandler)
    i.__0printf                              0x0001ba38   Section        0  printfa.o(i.__0printf)
    i.__0vprintf                             0x0001ba58   Section        0  printfa.o(i.__0vprintf)
    i.__ARM_clz                              0x0001ba6c   Section        0  depilogue.o(i.__ARM_clz)
    i.__ARM_common_switch8                   0x0001ba9a   Section        0  bsp.o(i.__ARM_common_switch8)
    i.__scatterload_copy                     0x0001bab4   Section       14  handlers.o(i.__scatterload_copy)
    i.__scatterload_null                     0x0001bac2   Section        2  handlers.o(i.__scatterload_null)
    i.__scatterload_zeroinit                 0x0001bac4   Section       14  handlers.o(i.__scatterload_zeroinit)
    i._fp_digits                             0x0001bad4   Section        0  printfa.o(i._fp_digits)
    _fp_digits                               0x0001bad5   Thumb Code   316  printfa.o(i._fp_digits)
    i._printf_core                           0x0001bc2c   Section        0  printfa.o(i._printf_core)
    _printf_core                             0x0001bc2d   Thumb Code  1754  printfa.o(i._printf_core)
    i._printf_post_padding                   0x0001c318   Section        0  printfa.o(i._printf_post_padding)
    _printf_post_padding                     0x0001c319   Thumb Code    32  printfa.o(i._printf_post_padding)
    i._printf_pre_padding                    0x0001c338   Section        0  printfa.o(i._printf_pre_padding)
    _printf_pre_padding                      0x0001c339   Thumb Code    44  printfa.o(i._printf_pre_padding)
    i.adv_data_encode                        0x0001c364   Section        0  ble_advdata.o(i.adv_data_encode)
    i.advertising_buttons_configure          0x0001c57a   Section        0  bsp_btn_ble.o(i.advertising_buttons_configure)
    advertising_buttons_configure            0x0001c57b   Thumb Code    60  bsp_btn_ble.o(i.advertising_buttons_configure)
    i.alert_timer_handler                    0x0001c5b8   Section        0  bsp.o(i.alert_timer_handler)
    alert_timer_handler                      0x0001c5b9   Thumb Code    18  bsp.o(i.alert_timer_handler)
    i.app_button_enable                      0x0001c5d0   Section        0  app_button.o(i.app_button_enable)
    i.app_button_init                        0x0001c5f4   Section        0  app_button.o(i.app_button_init)
    i.app_error_fault_handler                0x0001c668   Section        0  app_error_weak.o(i.app_error_fault_handler)
    i.app_error_handler_bare                 0x0001c684   Section        0  app_error.o(i.app_error_handler_bare)
    i.app_fifo_get                           0x0001c69c   Section        0  app_fifo.o(i.app_fifo_get)
    i.app_fifo_init                          0x0001c6b2   Section        0  app_fifo.o(i.app_fifo_init)
    i.app_fifo_put                           0x0001c6d6   Section        0  app_fifo.o(i.app_fifo_put)
    i.app_timer_create                       0x0001c6f0   Section        0  app_timer.o(i.app_timer_create)
    i.app_timer_init                         0x0001c71c   Section        0  app_timer.o(i.app_timer_init)
    i.app_timer_start                        0x0001c7ac   Section        0  app_timer.o(i.app_timer_start)
    i.app_timer_stop                         0x0001c828   Section        0  app_timer.o(i.app_timer_stop)
    i.app_uart_get                           0x0001c87c   Section        0  app_uart_fifo.o(i.app_uart_get)
    i.app_uart_init                          0x0001c8b0   Section        0  app_uart_fifo.o(i.app_uart_init)
    i.app_uart_put                           0x0001c950   Section        0  app_uart_fifo.o(i.app_uart_put)
    i.ble_advdata_set                        0x0001c988   Section        0  ble_advdata.o(i.ble_advdata_set)
    i.ble_advertising_init                   0x0001c9f0   Section        0  ble_advertising.o(i.ble_advertising_init)
    i.ble_advertising_on_ble_evt             0x0001cb14   Section        0  ble_advertising.o(i.ble_advertising_on_ble_evt)
    i.ble_advertising_peer_address_clear     0x0001cb90   Section        0  ble_advertising.o(i.ble_advertising_peer_address_clear)
    ble_advertising_peer_address_clear       0x0001cb91   Thumb Code    12  ble_advertising.o(i.ble_advertising_peer_address_clear)
    i.ble_advertising_start                  0x0001cba0   Section        0  ble_advertising.o(i.ble_advertising_start)
    i.ble_conn_params_init                   0x0001cd8c   Section        0  ble_conn_params.o(i.ble_conn_params_init)
    i.ble_conn_params_on_ble_evt             0x0001cde0   Section        0  ble_conn_params.o(i.ble_conn_params_on_ble_evt)
    i.ble_device_addr_encode                 0x0001ce70   Section        0  ble_advdata.o(i.ble_device_addr_encode)
    ble_device_addr_encode                   0x0001ce71   Thumb Code    94  ble_advdata.o(i.ble_device_addr_encode)
    i.ble_evt_dispatch                       0x0001ced0   Section        0  main.o(i.ble_evt_dispatch)
    ble_evt_dispatch                         0x0001ced1   Thumb Code    36  main.o(i.ble_evt_dispatch)
    i.ble_nus_init                           0x0001cef8   Section        0  ble_nus.o(i.ble_nus_init)
    i.ble_nus_on_ble_evt                     0x0001cf60   Section        0  ble_nus.o(i.ble_nus_on_ble_evt)
    i.ble_nus_string_send                    0x0001cfb8   Section        0  ble_nus.o(i.ble_nus_string_send)
    i.ble_stack_init                         0x0001d00c   Section        0  main.o(i.ble_stack_init)
    ble_stack_init                           0x0001d00d   Thumb Code    94  main.o(i.ble_stack_init)
    i.bsp_btn_ble_on_ble_evt                 0x0001d07c   Section        0  bsp_btn_ble.o(i.bsp_btn_ble_on_ble_evt)
    i.bsp_btn_ble_sleep_mode_prepare         0x0001d0f4   Section        0  bsp_btn_ble.o(i.bsp_btn_ble_sleep_mode_prepare)
    i.bsp_button_event_handler               0x0001d108   Section        0  bsp.o(i.bsp_button_event_handler)
    bsp_button_event_handler                 0x0001d109   Thumb Code   112  bsp.o(i.bsp_button_event_handler)
    i.bsp_configuration                      0x0001d180   Section        0  main.o(i.bsp_configuration)
    i.bsp_event_to_button_action_assign      0x0001d1a0   Section        0  bsp.o(i.bsp_event_to_button_action_assign)
    i.bsp_evt_handler                        0x0001d1d8   Section        0  main.o(i.bsp_evt_handler)
    i.bsp_indication_set                     0x0001d21c   Section        0  bsp.o(i.bsp_indication_set)
    i.bsp_indication_text_set                0x0001d238   Section        0  bsp.o(i.bsp_indication_text_set)
    i.bsp_init                               0x0001d240   Section        0  bsp.o(i.bsp_init)
    i.bsp_led_indication                     0x0001d2dc   Section        0  bsp.o(i.bsp_led_indication)
    bsp_led_indication                       0x0001d2dd   Thumb Code   444  bsp.o(i.bsp_led_indication)
    i.bsp_wakeup_buttons_set                 0x0001d4a4   Section        0  bsp.o(i.bsp_wakeup_buttons_set)
    i.button_timer_handler                   0x0001d4d0   Section        0  bsp.o(i.button_timer_handler)
    button_timer_handler                     0x0001d4d1   Thumb Code    12  bsp.o(i.button_timer_handler)
    i.channel_free                           0x0001d4dc   Section        0  nrf_drv_gpiote.o(i.channel_free)
    channel_free                             0x0001d4dd   Thumb Code    22  nrf_drv_gpiote.o(i.channel_free)
    i.channel_port_alloc                     0x0001d4f8   Section        0  nrf_drv_gpiote.o(i.channel_port_alloc)
    channel_port_alloc                       0x0001d4f9   Thumb Code    66  nrf_drv_gpiote.o(i.channel_port_alloc)
    i.channel_port_get                       0x0001d540   Section        0  nrf_drv_gpiote.o(i.channel_port_get)
    channel_port_get                         0x0001d541   Thumb Code    10  nrf_drv_gpiote.o(i.channel_port_get)
    i.compare_reg_update                     0x0001d550   Section        0  app_timer.o(i.compare_reg_update)
    compare_reg_update                       0x0001d551   Thumb Code   142  app_timer.o(i.compare_reg_update)
    i.conn_int_encode                        0x0001d5f8   Section        0  ble_advdata.o(i.conn_int_encode)
    conn_int_encode                          0x0001d5f9   Thumb Code   130  ble_advdata.o(i.conn_int_encode)
    i.conn_params_error_handler              0x0001d680   Section        0  main.o(i.conn_params_error_handler)
    conn_params_error_handler                0x0001d681   Thumb Code     8  main.o(i.conn_params_error_handler)
    i.conn_params_negotiation                0x0001d688   Section        0  ble_conn_params.o(i.conn_params_negotiation)
    conn_params_negotiation                  0x0001d689   Thumb Code    92  ble_conn_params.o(i.conn_params_negotiation)
    i.detection_delay_timeout_handler        0x0001d6f0   Section        0  app_button.o(i.detection_delay_timeout_handler)
    detection_delay_timeout_handler          0x0001d6f1   Thumb Code    90  app_button.o(i.detection_delay_timeout_handler)
    i.elapsed_ticks_acquire                  0x0001d750   Section        0  app_timer.o(i.elapsed_ticks_acquire)
    elapsed_ticks_acquire                    0x0001d751   Thumb Code    58  app_timer.o(i.elapsed_ticks_acquire)
    i.fifo_get                               0x0001d790   Section        0  app_fifo.o(i.fifo_get)
    fifo_get                                 0x0001d791   Thumb Code    20  app_fifo.o(i.fifo_get)
    i.fifo_put                               0x0001d7a4   Section        0  app_fifo.o(i.fifo_put)
    fifo_put                                 0x0001d7a5   Thumb Code    18  app_fifo.o(i.fifo_put)
    i.fputc                                  0x0001d7b6   Section        0  retarget.o(i.fputc)
    i.fs_queued_op_count_get                 0x0001d7c4   Section        0  fstorage.o(i.fs_queued_op_count_get)
    i.gpiote_event_handler                   0x0001d7dc   Section        0  app_button.o(i.gpiote_event_handler)
    gpiote_event_handler                     0x0001d7dd   Thumb Code    72  app_button.o(i.gpiote_event_handler)
    i.intern_softdevice_events_execute       0x0001d82c   Section        0  softdevice_handler.o(i.intern_softdevice_events_execute)
    i.is_conn_params_ok                      0x0001d8a4   Section        0  ble_conn_params.o(i.is_conn_params_ok)
    is_conn_params_ok                        0x0001d8a5   Thumb Code    24  ble_conn_params.o(i.is_conn_params_ok)
    i.is_manual_peripheral_setup_needed      0x0001d8c0   Section        0  system_nrf51.o(i.is_manual_peripheral_setup_needed)
    is_manual_peripheral_setup_needed        0x0001d8c1   Thumb Code    66  system_nrf51.o(i.is_manual_peripheral_setup_needed)
    i.le_role_encode                         0x0001d908   Section        0  ble_advdata.o(i.le_role_encode)
    le_role_encode                           0x0001d909   Thumb Code    84  ble_advdata.o(i.le_role_encode)
    i.leds_timer_handler                     0x0001d95c   Section        0  bsp.o(i.leds_timer_handler)
    leds_timer_handler                       0x0001d95d   Thumb Code    18  bsp.o(i.leds_timer_handler)
    i.list_deletions_handler                 0x0001d974   Section        0  app_timer.o(i.list_deletions_handler)
    list_deletions_handler                   0x0001d975   Thumb Code   180  app_timer.o(i.list_deletions_handler)
    i.list_insertions_handler                0x0001da30   Section        0  app_timer.o(i.list_insertions_handler)
    list_insertions_handler                  0x0001da31   Thumb Code   202  app_timer.o(i.list_insertions_handler)
    i.log_uart_printf                        0x0001db04   Section        0  nrf_log.o(i.log_uart_printf)
    i.main                                   0x0001db18   Section        0  main.o(i.main)
    i.manuf_specific_data_encode             0x0001dc9c   Section        0  ble_advdata.o(i.manuf_specific_data_encode)
    manuf_specific_data_encode               0x0001dc9d   Thumb Code   104  ble_advdata.o(i.manuf_specific_data_encode)
    i.name_encode                            0x0001dd04   Section        0  ble_advdata.o(i.name_encode)
    name_encode                              0x0001dd05   Thumb Code   158  ble_advdata.o(i.name_encode)
    i.nrf_drv_common_irq_enable              0x0001dda4   Section        0  nrf_drv_common.o(i.nrf_drv_common_irq_enable)
    i.nrf_drv_gpiote_in_event_enable         0x0001de04   Section        0  nrf_drv_gpiote.o(i.nrf_drv_gpiote_in_event_enable)
    i.nrf_drv_gpiote_in_init                 0x0001dea4   Section        0  nrf_drv_gpiote.o(i.nrf_drv_gpiote_in_init)
    i.nrf_drv_gpiote_in_is_set               0x0001df48   Section        0  nrf_drv_gpiote.o(i.nrf_drv_gpiote_in_is_set)
    i.nrf_drv_gpiote_init                    0x0001df5c   Section        0  nrf_drv_gpiote.o(i.nrf_drv_gpiote_init)
    i.nrf_drv_gpiote_is_init                 0x0001dfb0   Section        0  nrf_drv_gpiote.o(i.nrf_drv_gpiote_is_init)
    i.nrf_drv_spi_init                       0x0001dfc0   Section        0  nrf_drv_spi.o(i.nrf_drv_spi_init)
    i.nrf_drv_spi_transfer                   0x0001e0e0   Section        0  nrf_drv_spi.o(i.nrf_drv_spi_transfer)
    i.nrf_drv_spi_xfer                       0x0001e0f8   Section        0  nrf_drv_spi.o(i.nrf_drv_spi_xfer)
    i.nrf_drv_uart_init                      0x0001e164   Section        0  nrf_drv_uart.o(i.nrf_drv_uart_init)
    i.nrf_drv_uart_rx                        0x0001e22c   Section        0  nrf_drv_uart.o(i.nrf_drv_uart_rx)
    i.nrf_drv_uart_rx_enable                 0x0001e278   Section        0  nrf_drv_uart.o(i.nrf_drv_uart_rx_enable)
    i.nrf_drv_uart_rx_for_uart               0x0001e290   Section        0  nrf_drv_uart.o(i.nrf_drv_uart_rx_for_uart)
    nrf_drv_uart_rx_for_uart                 0x0001e291   Thumb Code   144  nrf_drv_uart.o(i.nrf_drv_uart_rx_for_uart)
    i.nrf_drv_uart_tx                        0x0001e32c   Section        0  nrf_drv_uart.o(i.nrf_drv_uart_tx)
    i.nrf_drv_uart_tx_for_uart               0x0001e350   Section        0  nrf_drv_uart.o(i.nrf_drv_uart_tx_for_uart)
    nrf_drv_uart_tx_for_uart                 0x0001e351   Thumb Code   108  nrf_drv_uart.o(i.nrf_drv_uart_tx_for_uart)
    i.nrf_drv_uart_tx_in_progress            0x0001e3c4   Section        0  nrf_drv_uart.o(i.nrf_drv_uart_tx_in_progress)
    i.nrf_gpio_cfg                           0x0001e3d4   Section        0  nrf_drv_gpiote.o(i.nrf_gpio_cfg)
    nrf_gpio_cfg                             0x0001e3d5   Thumb Code    32  nrf_drv_gpiote.o(i.nrf_gpio_cfg)
    i.nrf_gpio_cfg                           0x0001e3f8   Section        0  nrf_drv_uart.o(i.nrf_gpio_cfg)
    nrf_gpio_cfg                             0x0001e3f9   Thumb Code    32  nrf_drv_uart.o(i.nrf_gpio_cfg)
    i.nrf_gpio_cfg                           0x0001e41c   Section        0  nrf_drv_spi.o(i.nrf_gpio_cfg)
    nrf_gpio_cfg                             0x0001e41d   Thumb Code    32  nrf_drv_spi.o(i.nrf_gpio_cfg)
    i.nrf_gpio_cfg_input                     0x0001e440   Section        0  nrf_drv_uart.o(i.nrf_gpio_cfg_input)
    nrf_gpio_cfg_input                       0x0001e441   Thumb Code    18  nrf_drv_uart.o(i.nrf_gpio_cfg_input)
    i.nrf_gpio_cfg_output                    0x0001e452   Section        0  nrf_drv_uart.o(i.nrf_gpio_cfg_output)
    nrf_gpio_cfg_output                      0x0001e453   Thumb Code    20  nrf_drv_uart.o(i.nrf_gpio_cfg_output)
    i.nrf_gpio_cfg_output                    0x0001e466   Section        0  nrf_drv_spi.o(i.nrf_gpio_cfg_output)
    nrf_gpio_cfg_output                      0x0001e467   Thumb Code    20  nrf_drv_spi.o(i.nrf_gpio_cfg_output)
    i.nrf_gpio_cfg_sense_set                 0x0001e47c   Section        0  nrf_drv_gpiote.o(i.nrf_gpio_cfg_sense_set)
    nrf_gpio_cfg_sense_set                   0x0001e47d   Thumb Code    26  nrf_drv_gpiote.o(i.nrf_gpio_cfg_sense_set)
    i.nrf_gpio_pin_set                       0x0001e49c   Section        0  nrf_drv_spi.o(i.nrf_gpio_pin_set)
    nrf_gpio_pin_set                         0x0001e49d   Thumb Code    10  nrf_drv_spi.o(i.nrf_gpio_pin_set)
    i.nrf_gpiote_event_is_set                0x0001e4ac   Section        0  nrf_drv_gpiote.o(i.nrf_gpiote_event_is_set)
    nrf_gpiote_event_is_set                  0x0001e4ad   Thumb Code    14  nrf_drv_gpiote.o(i.nrf_gpiote_event_is_set)
    i.nrf_uart_event_check                   0x0001e4c0   Section        0  nrf_drv_uart.o(i.nrf_uart_event_check)
    nrf_uart_event_check                     0x0001e4c1   Thumb Code    10  nrf_drv_uart.o(i.nrf_uart_event_check)
    i.nrf_uart_int_enable_check              0x0001e4ca   Section        0  nrf_drv_uart.o(i.nrf_uart_int_enable_check)
    nrf_uart_int_enable_check                0x0001e4cb   Thumb Code    16  nrf_drv_uart.o(i.nrf_uart_int_enable_check)
    i.nus_data_handler                       0x0001e4da   Section        0  main.o(i.nus_data_handler)
    nus_data_handler                         0x0001e4db   Thumb Code    38  main.o(i.nus_data_handler)
    i.on_adv_evt                             0x0001e500   Section        0  main.o(i.on_adv_evt)
    on_adv_evt                               0x0001e501   Thumb Code    32  main.o(i.on_adv_evt)
    i.on_ble_evt                             0x0001e520   Section        0  main.o(i.on_ble_evt)
    on_ble_evt                               0x0001e521   Thumb Code    96  main.o(i.on_ble_evt)
    i.on_conn_params_evt                     0x0001e584   Section        0  main.o(i.on_conn_params_evt)
    on_conn_params_evt                       0x0001e585   Thumb Code    26  main.o(i.on_conn_params_evt)
    i.peer_address_exists                    0x0001e5a4   Section        0  ble_advertising.o(i.peer_address_exists)
    peer_address_exists                      0x0001e5a5   Thumb Code    22  ble_advertising.o(i.peer_address_exists)
    i.pin_in_use_by_port                     0x0001e5bc   Section        0  nrf_drv_gpiote.o(i.pin_in_use_by_port)
    pin_in_use_by_port                       0x0001e5bd   Thumb Code    20  nrf_drv_gpiote.o(i.pin_in_use_by_port)
    i.pin_in_use_by_te                       0x0001e5d4   Section        0  nrf_drv_gpiote.o(i.pin_in_use_by_te)
    pin_in_use_by_te                         0x0001e5d5   Thumb Code    20  nrf_drv_gpiote.o(i.pin_in_use_by_te)
    i.pstorage_access_status_get             0x0001e5ec   Section        0  pstorage.o(i.pstorage_access_status_get)
    i.rtc1_stop                              0x0001e614   Section        0  app_timer.o(i.rtc1_stop)
    rtc1_stop                                0x0001e615   Thumb Code    50  app_timer.o(i.rtc1_stop)
    i.rx_byte                                0x0001e658   Section        0  nrf_drv_uart.o(i.rx_byte)
    rx_byte                                  0x0001e659   Thumb Code    42  nrf_drv_uart.o(i.rx_byte)
    i.rx_char_add                            0x0001e690   Section        0  ble_nus.o(i.rx_char_add)
    rx_char_add                              0x0001e691   Thumb Code   158  ble_nus.o(i.rx_char_add)
    i.rx_done_event                          0x0001e730   Section        0  nrf_drv_uart.o(i.rx_done_event)
    rx_done_event                            0x0001e731   Thumb Code    22  nrf_drv_uart.o(i.rx_done_event)
    i.rx_enable                              0x0001e74c   Section        0  nrf_drv_uart.o(i.rx_enable)
    rx_enable                                0x0001e74d   Thumb Code    22  nrf_drv_uart.o(i.rx_enable)
    i.sd_check_ram_start                     0x0001e768   Section        0  softdevice_handler.o(i.sd_check_ram_start)
    i.sd_nvic_EnableIRQ                      0x0001e778   Section        0  softdevice_handler.o(i.sd_nvic_EnableIRQ)
    sd_nvic_EnableIRQ                        0x0001e779   Thumb Code   116  softdevice_handler.o(i.sd_nvic_EnableIRQ)
    i.service_data_encode                    0x0001e804   Section        0  ble_advdata.o(i.service_data_encode)
    service_data_encode                      0x0001e805   Thumb Code   142  ble_advdata.o(i.service_data_encode)
    i.sleep_mode_enter                       0x0001e892   Section        0  main.o(i.sleep_mode_enter)
    sleep_mode_enter                         0x0001e893   Thumb Code    40  main.o(i.sleep_mode_enter)
    i.softdevice_ble_evt_handler_set         0x0001e8bc   Section        0  softdevice_handler.o(i.softdevice_ble_evt_handler_set)
    i.softdevice_enable                      0x0001e8d0   Section        0  softdevice_handler.o(i.softdevice_enable)
    i.softdevice_enable_get_default_config   0x0001e8e4   Section        0  softdevice_handler.o(i.softdevice_enable_get_default_config)
    i.softdevice_fault_handler               0x0001e90c   Section        0  softdevice_handler.o(i.softdevice_fault_handler)
    i.softdevice_handler_init                0x0001e914   Section        0  softdevice_handler.o(i.softdevice_handler_init)
    i.spi_event_handler                      0x0001e948   Section        0  main.o(i.spi_event_handler)
    i.spi_init                               0x0001e998   Section        0  main.o(i.spi_init)
    i.spi_xfer                               0x0001e9fc   Section        0  nrf_drv_spi.o(i.spi_xfer)
    spi_xfer                                 0x0001e9fd   Thumb Code   114  nrf_drv_spi.o(i.spi_xfer)
    i.temp_service                           0x0001ea70   Section        0  main.o(i.temp_service)
    i.timer_list_handler                     0x0001eab0   Section        0  app_timer.o(i.timer_list_handler)
    timer_list_handler                       0x0001eab1   Thumb Code   128  app_timer.o(i.timer_list_handler)
    i.timer_list_handler_sched               0x0001eb34   Section        0  app_timer.o(i.timer_list_handler_sched)
    timer_list_handler_sched                 0x0001eb35   Thumb Code    10  app_timer.o(i.timer_list_handler_sched)
    i.timer_list_insert                      0x0001eb44   Section        0  app_timer.o(i.timer_list_insert)
    timer_list_insert                        0x0001eb45   Thumb Code    60  app_timer.o(i.timer_list_insert)
    i.timer_timeouts_check                   0x0001eb84   Section        0  app_timer.o(i.timer_timeouts_check)
    timer_timeouts_check                     0x0001eb85   Thumb Code   118  app_timer.o(i.timer_timeouts_check)
    i.transfer_byte                          0x0001ec04   Section        0  nrf_drv_spi.o(i.transfer_byte)
    transfer_byte                            0x0001ec05   Thumb Code    80  nrf_drv_spi.o(i.transfer_byte)
    i.tx_byte                                0x0001ec54   Section        0  nrf_drv_uart.o(i.tx_byte)
    tx_byte                                  0x0001ec55   Thumb Code    30  nrf_drv_uart.o(i.tx_byte)
    i.tx_char_add                            0x0001ec80   Section        0  ble_nus.o(i.tx_char_add)
    tx_char_add                              0x0001ec81   Thumb Code   128  ble_nus.o(i.tx_char_add)
    i.tx_done_event                          0x0001ed00   Section        0  nrf_drv_uart.o(i.tx_done_event)
    tx_done_event                            0x0001ed01   Thumb Code    26  nrf_drv_uart.o(i.tx_done_event)
    i.uart_event_handle                      0x0001ed20   Section        0  main.o(i.uart_event_handle)
    i.uart_event_handler                     0x0001ed80   Section        0  app_uart_fifo.o(i.uart_event_handler)
    uart_event_handler                       0x0001ed81   Thumb Code   166  app_uart_fifo.o(i.uart_event_handler)
    i.uart_irq_handler                       0x0001ee30   Section        0  nrf_drv_uart.o(i.uart_irq_handler)
    uart_irq_handler                         0x0001ee31   Thumb Code   278  nrf_drv_uart.o(i.uart_irq_handler)
    i.uint16_encode                          0x0001ef58   Section        0  ble_advdata.o(i.uint16_encode)
    uint16_encode                            0x0001ef59   Thumb Code    10  ble_advdata.o(i.uint16_encode)
    i.update_timeout_handler                 0x0001ef64   Section        0  ble_conn_params.o(i.update_timeout_handler)
    update_timeout_handler                   0x0001ef65   Thumb Code    86  ble_conn_params.o(i.update_timeout_handler)
    i.user_id_get                            0x0001efc8   Section        0  app_timer.o(i.user_id_get)
    user_id_get                              0x0001efc9   Thumb Code    76  app_timer.o(i.user_id_get)
    i.user_op_alloc                          0x0001f01c   Section        0  app_timer.o(i.user_op_alloc)
    user_op_alloc                            0x0001f01d   Thumb Code    38  app_timer.o(i.user_op_alloc)
    i.uuid_list_encode                       0x0001f042   Section        0  ble_advdata.o(i.uuid_list_encode)
    uuid_list_encode                         0x0001f043   Thumb Code    48  ble_advdata.o(i.uuid_list_encode)
    i.uuid_list_sized_encode                 0x0001f072   Section        0  ble_advdata.o(i.uuid_list_sized_encode)
    uuid_list_sized_encode                   0x0001f073   Thumb Code   174  ble_advdata.o(i.uuid_list_sized_encode)
    i.whitelist_has_entries                  0x0001f120   Section        0  ble_advertising.o(i.whitelist_has_entries)
    whitelist_has_entries                    0x0001f121   Thumb Code    16  ble_advertising.o(i.whitelist_has_entries)
    .constdata                               0x0001f130   Section       40  main.o(.constdata)
    spi                                      0x0001f134   Data           8  main.o(.constdata)
    .constdata                               0x0001f158   Section       24  bsp.o(.constdata)
    m_leds_timer_id                          0x0001f158   Data           4  bsp.o(.constdata)
    m_alert_timer_id                         0x0001f15c   Data           4  bsp.o(.constdata)
    m_button_timer_id                        0x0001f160   Data           4  bsp.o(.constdata)
    m_buttons_list                           0x0001f164   Data           4  bsp.o(.constdata)
    app_buttons                              0x0001f168   Data           8  bsp.o(.constdata)
    .constdata                               0x0001f170   Section        4  ble_conn_params.o(.constdata)
    m_conn_params_timer_id                   0x0001f170   Data           4  ble_conn_params.o(.constdata)
    .constdata                               0x0001f174   Section       16  ble_nus.o(.constdata)
    .constdata                               0x0001f184   Section       32  app_uart_fifo.o(.constdata)
    .constdata                               0x0001f1a4   Section       32  nrf_drv_uart.o(.constdata)
    m_default_config                         0x0001f1a4   Data          32  nrf_drv_uart.o(.constdata)
    .constdata                               0x0001f1c4   Section       16  nrf_drv_spi.o(.constdata)
    m_default_config                         0x0001f1c4   Data          16  nrf_drv_spi.o(.constdata)
    .constdata                               0x0001f1d4   Section        8  app_button.o(.constdata)
    m_detection_delay_timer_id               0x0001f1d4   Data           4  app_button.o(.constdata)
    .conststring                             0x0001f1dc   Section      664  main.o(.conststring)
    .data                                    0x20002080   Section      120  main.o(.data)
    index                                    0x20002081   Data           1  main.o(.data)
    spi_xfer_done                            0x20002082   Data           1  main.o(.data)
    m_conn_handle                            0x20002084   Data           2  main.o(.data)
    m_adv_uuids                              0x20002086   Data           4  main.o(.data)
    m_tx_buf                                 0x2000208a   Data           5  main.o(.data)
    m_rx_buf                                 0x2000208f   Data           6  main.o(.data)
    .data                                    0x200020f8   Section       24  bsp.o(.data)
    m_stable_state                           0x200020f8   Data           1  bsp.o(.data)
    current_long_push_pin_no                 0x200020f9   Data           1  bsp.o(.data)
    release_event_at_push                    0x200020fa   Data           1  bsp.o(.data)
    m_events_list                            0x200020fb   Data           3  bsp.o(.data)
    m_app_ticks_per_100ms                    0x20002100   Data           4  bsp.o(.data)
    m_indication_type                        0x20002104   Data           4  bsp.o(.data)
    m_alert_mask                             0x20002108   Data           4  bsp.o(.data)
    m_registered_callback                    0x2000210c   Data           4  bsp.o(.data)
    .data                                    0x20002110   Section        8  bsp_btn_ble.o(.data)
    m_error_handler                          0x20002110   Data           4  bsp_btn_ble.o(.data)
    m_num_connections                        0x20002114   Data           4  bsp_btn_ble.o(.data)
    .data                                    0x20002118   Section       31  ble_advertising.o(.data)
    m_advertising_start_pending              0x20002118   Data           1  ble_advertising.o(.data)
    m_whitelist_temporarily_disabled         0x20002119   Data           1  ble_advertising.o(.data)
    m_whitelist_reply_expected               0x2000211a   Data           1  ble_advertising.o(.data)
    m_peer_addr_reply_expected               0x2000211b   Data           1  ble_advertising.o(.data)
    m_adv_evt                                0x2000211c   Data           1  ble_advertising.o(.data)
    m_adv_mode_current                       0x2000211d   Data           1  ble_advertising.o(.data)
    m_tx_power_level                         0x2000211e   Data           1  ble_advertising.o(.data)
    current_slave_link_conn_handle           0x20002120   Data           2  ble_advertising.o(.data)
    m_evt_handler                            0x20002124   Data           4  ble_advertising.o(.data)
    m_error_handler                          0x20002128   Data           4  ble_advertising.o(.data)
    m_slave_conn_int                         0x2000212c   Data           4  ble_advertising.o(.data)
    m_peer_address                           0x20002130   Data           7  ble_advertising.o(.data)
    .data                                    0x20002138   Section       20  ble_conn_params.o(.data)
    m_change_param                           0x20002138   Data           1  ble_conn_params.o(.data)
    m_update_count                           0x20002139   Data           1  ble_conn_params.o(.data)
    m_conn_handle                            0x2000213a   Data           2  ble_conn_params.o(.data)
    m_preferred_conn_params                  0x2000213c   Data           8  ble_conn_params.o(.data)
    m_current_conn_params                    0x20002144   Data           8  ble_conn_params.o(.data)
    .data                                    0x2000214c   Section        8  app_uart_fifo.o(.data)
    tx_buffer                                0x2000214c   Data           1  app_uart_fifo.o(.data)
    rx_buffer                                0x2000214d   Data           1  app_uart_fifo.o(.data)
    m_event_handler                          0x20002150   Data           4  app_uart_fifo.o(.data)
    .data                                    0x20002154   Section       36  pstorage.o(.data)
    m_state                                  0x20002154   Data           1  pstorage.o(.data)
    m_swap_sub_state                         0x20002155   Data           1  pstorage.o(.data)
    m_next_app_instance                      0x20002156   Data           2  pstorage.o(.data)
    m_flags                                  0x20002158   Data           4  pstorage.o(.data)
    m_next_page_addr                         0x2000215c   Data           4  pstorage.o(.data)
    m_head_word_size                         0x20002160   Data           4  pstorage.o(.data)
    m_tail_word_size                         0x20002164   Data           4  pstorage.o(.data)
    m_current_page_id                        0x20002168   Data           4  pstorage.o(.data)
    m_num_of_command_retries                 0x2000216c   Data           4  pstorage.o(.data)
    m_num_of_bytes_written                   0x20002170   Data           4  pstorage.o(.data)
    m_app_data_size                          0x20002174   Data           4  pstorage.o(.data)
    .data                                    0x20002178   Section       20  app_button.o(.data)
    m_button_count                           0x20002178   Data           1  app_button.o(.data)
    mp_buttons                               0x2000217c   Data           4  app_button.o(.data)
    m_detection_delay                        0x20002180   Data           4  app_button.o(.data)
    m_pin_state                              0x20002184   Data           4  app_button.o(.data)
    m_pin_transition                         0x20002188   Data           4  app_button.o(.data)
    .data                                    0x2000218c   Section       32  app_timer.o(.data)
    m_user_array_size                        0x2000218c   Data           1  app_timer.o(.data)
    m_ticks_elapsed_q_read_ind               0x2000218d   Data           1  app_timer.o(.data)
    m_ticks_elapsed_q_write_ind              0x2000218e   Data           1  app_timer.o(.data)
    m_rtc1_running                           0x2000218f   Data           1  app_timer.o(.data)
    m_rtc1_reset                             0x20002190   Data           1  app_timer.o(.data)
    mp_users                                 0x20002194   Data           4  app_timer.o(.data)
    mp_timer_id_head                         0x20002198   Data           4  app_timer.o(.data)
    m_ticks_latest                           0x2000219c   Data           4  app_timer.o(.data)
    m_evt_schedule_func                      0x200021a0   Data           4  app_timer.o(.data)
    m_ticks_elapsed                          0x200021a4   Data           8  app_timer.o(.data)
    .data                                    0x200021ac   Section        4  retarget.o(.data)
    .data                                    0x200021b0   Section       28  softdevice_handler.o(.data)
    m_softdevice_enabled                     0x200021b0   Data           1  softdevice_handler.o(.data)
    m_ble_evt_buffer_size                    0x200021b2   Data           2  softdevice_handler.o(.data)
    m_evt_schedule_func                      0x200021b4   Data           4  softdevice_handler.o(.data)
    mp_ble_evt_buffer                        0x200021b8   Data           4  softdevice_handler.o(.data)
    m_ble_evt_handler                        0x200021bc   Data           4  softdevice_handler.o(.data)
    m_sys_evt_handler                        0x200021c0   Data           4  softdevice_handler.o(.data)
    .data                                    0x200021cc   Section        4  system_nrf51.o(.data)
    __tagsym$$used                           0x200021cc   Number         0  system_nrf51.o(.data)
    .bss                                     0x200021d0   Section     1088  main.o(.bss)
    BLE_EVT_BUFFER                           0x200021d0   Data          72  main.o(.bss)
    data_array                               0x20002218   Data          20  main.o(.bss)
    rx_buf                                   0x2000222c   Data         256  main.o(.bss)
    tx_buf                                   0x2000232c   Data         256  main.o(.bss)
    APP_TIMER_BUF                            0x2000242c   Data         456  main.o(.bss)
    m_nus                                    0x200025f4   Data          28  main.o(.bss)
    .bss                                     0x20002610   Section       32  bsp.o(.bss)
    m_leds_timer_id_data                     0x20002610   Data          32  bsp.o(.bss)
    .bss                                     0x20002630   Section       32  bsp.o(.bss)
    m_alert_timer_id_data                    0x20002630   Data          32  bsp.o(.bss)
    .bss                                     0x20002650   Section       32  bsp.o(.bss)
    m_button_timer_id_data                   0x20002650   Data          32  bsp.o(.bss)
    .bss                                     0x20002670   Section      259  ble_advertising.o(.bss)
    m_advdata                                0x20002670   Data          56  ble_advertising.o(.bss)
    m_adv_modes_config                       0x200026a8   Data          36  ble_advertising.o(.bss)
    m_whitelist                              0x200026cc   Data          16  ble_advertising.o(.bss)
    mp_whitelist_addr                        0x200026dc   Data          32  ble_advertising.o(.bss)
    mp_whitelist_irk                         0x200026fc   Data          32  ble_advertising.o(.bss)
    m_manuf_specific_data                    0x2000271c   Data          12  ble_advertising.o(.bss)
    m_manuf_data_array                       0x20002728   Data          31  ble_advertising.o(.bss)
    m_service_data                           0x20002748   Data          12  ble_advertising.o(.bss)
    m_service_data_array                     0x20002754   Data          31  ble_advertising.o(.bss)
    .bss                                     0x20002774   Section       32  ble_conn_params.o(.bss)
    m_conn_params_timer_id_data              0x20002774   Data          32  ble_conn_params.o(.bss)
    .bss                                     0x20002794   Section       28  ble_conn_params.o(.bss)
    m_conn_params_config                     0x20002794   Data          28  ble_conn_params.o(.bss)
    .bss                                     0x200027b0   Section       32  app_uart_fifo.o(.bss)
    m_rx_fifo                                0x200027b0   Data          16  app_uart_fifo.o(.bss)
    m_tx_fifo                                0x200027c0   Data          16  app_uart_fifo.o(.bss)
    .bss                                     0x200027d0   Section       72  nrf_drv_gpiote.o(.bss)
    m_cb                                     0x200027d0   Data          72  nrf_drv_gpiote.o(.bss)
    .bss                                     0x20002818   Section       28  nrf_drv_uart.o(.bss)
    m_cb                                     0x20002818   Data          28  nrf_drv_uart.o(.bss)
    .bss                                     0x20002834   Section      216  pstorage.o(.bss)
    m_cmd_queue                              0x20002834   Data         204  pstorage.o(.bss)
    m_app_table                              0x20002900   Data          12  pstorage.o(.bss)
    .bss                                     0x2000290c   Section       32  nrf_drv_spi.o(.bss)
    m_cb                                     0x2000290c   Data          32  nrf_drv_spi.o(.bss)
    .bss                                     0x2000292c   Section       32  app_button.o(.bss)
    m_detection_delay_timer_id_data          0x2000292c   Data          32  app_button.o(.bss)
    .bss                                     0x2000294c   Section       88  fstorage.o(.bss)
    m_queue                                  0x2000294c   Data          88  fstorage.o(.bss)
    STACK                                    0x200029a8   Section     2048  arm_startup_nrf51.o(STACK)

    Global Symbols

    Symbol Name                              Value     Ov Type        Size  Object(Section)

    BuildAttributes$$THM_ISAv3M$S$PE$A:L22$X:L11$S22$IEEE1$IW$USESV6$~STKCKD$USESV7$~SHL$OSPACE$ROPI$EBA8$MICROLIB$REQ8$PRES8$EABIv2 0x00000000   Number         0  anon$$obj.o ABSOLUTE
    __ARM_use_no_argv                        0x00000000   Number         0  main.o ABSOLUTE
    __cpp_initialize__aeabi_                  - Undefined Weak Reference
    __cxa_finalize                            - Undefined Weak Reference
    _clock_init                               - Undefined Weak Reference
    _microlib_exit                            - Undefined Weak Reference
    fs_data$$Base                             - Undefined Reference
    fs_data$$Limit                            - Undefined Reference
    __Vectors_Size                           0x000000c0   Number         0  arm_startup_nrf51.o ABSOLUTE
    __Vectors                                0x0001b000   Data           4  arm_startup_nrf51.o(RESET)
    __Vectors_End                            0x0001b0c0   Data           0  arm_startup_nrf51.o(RESET)
    __main                                   0x0001b0c1   Thumb Code     0  entry.o(.ARM.Collect$$$$00000000)
    _main_stk                                0x0001b0c1   Thumb Code     0  entry2.o(.ARM.Collect$$$$00000001)
    _main_scatterload                        0x0001b0c5   Thumb Code     0  entry5.o(.ARM.Collect$$$$00000004)
    __main_after_scatterload                 0x0001b0c9   Thumb Code     0  entry5.o(.ARM.Collect$$$$00000004)
    _main_clock                              0x0001b0c9   Thumb Code     0  entry7b.o(.ARM.Collect$$$$00000008)
    _main_cpp_init                           0x0001b0c9   Thumb Code     0  entry8b.o(.ARM.Collect$$$$0000000A)
    _main_init                               0x0001b0c9   Thumb Code     0  entry9a.o(.ARM.Collect$$$$0000000B)
    __rt_final_cpp                           0x0001b0d1   Thumb Code     0  entry10a.o(.ARM.Collect$$$$0000000D)
    __rt_final_exit                          0x0001b0d1   Thumb Code     0  entry11a.o(.ARM.Collect$$$$0000000F)
    __asm___11_app_timer_c_cd27f9c3__nrf_delay_us 0x0001b0d5   Thumb Code    30  app_timer.o(.emb_text)
    Reset_Handler                            0x0001b0f5   Thumb Code    26  arm_startup_nrf51.o(.text)
    NMI_Handler                              0x0001b10f   Thumb Code     2  arm_startup_nrf51.o(.text)
    HardFault_Handler                        0x0001b111   Thumb Code     2  arm_startup_nrf51.o(.text)
    SVC_Handler                              0x0001b113   Thumb Code     2  arm_startup_nrf51.o(.text)
    PendSV_Handler                           0x0001b115   Thumb Code     2  arm_startup_nrf51.o(.text)
    SysTick_Handler                          0x0001b117   Thumb Code     2  arm_startup_nrf51.o(.text)
    ADC_IRQHandler                           0x0001b119   Thumb Code     0  arm_startup_nrf51.o(.text)
    CCM_AAR_IRQHandler                       0x0001b119   Thumb Code     0  arm_startup_nrf51.o(.text)
    ECB_IRQHandler                           0x0001b119   Thumb Code     0  arm_startup_nrf51.o(.text)
    LPCOMP_IRQHandler                        0x0001b119   Thumb Code     0  arm_startup_nrf51.o(.text)
    POWER_CLOCK_IRQHandler                   0x0001b119   Thumb Code     0  arm_startup_nrf51.o(.text)
    QDEC_IRQHandler                          0x0001b119   Thumb Code     0  arm_startup_nrf51.o(.text)
    RADIO_IRQHandler                         0x0001b119   Thumb Code     0  arm_startup_nrf51.o(.text)
    RNG_IRQHandler                           0x0001b119   Thumb Code     0  arm_startup_nrf51.o(.text)
    RTC0_IRQHandler                          0x0001b119   Thumb Code     0  arm_startup_nrf51.o(.text)
    SPI1_TWI1_IRQHandler                     0x0001b119   Thumb Code     0  arm_startup_nrf51.o(.text)
    SWI1_IRQHandler                          0x0001b119   Thumb Code     0  arm_startup_nrf51.o(.text)
    SWI3_IRQHandler                          0x0001b119   Thumb Code     0  arm_startup_nrf51.o(.text)
    SWI4_IRQHandler                          0x0001b119   Thumb Code     0  arm_startup_nrf51.o(.text)
    SWI5_IRQHandler                          0x0001b119   Thumb Code     0  arm_startup_nrf51.o(.text)
    TEMP_IRQHandler                          0x0001b119   Thumb Code     0  arm_startup_nrf51.o(.text)
    TIMER0_IRQHandler                        0x0001b119   Thumb Code     0  arm_startup_nrf51.o(.text)
    TIMER1_IRQHandler                        0x0001b119   Thumb Code     0  arm_startup_nrf51.o(.text)
    TIMER2_IRQHandler                        0x0001b119   Thumb Code     0  arm_startup_nrf51.o(.text)
    WDT_IRQHandler                           0x0001b119   Thumb Code     0  arm_startup_nrf51.o(.text)
    __aeabi_uidiv                            0x0001b12d   Thumb Code     0  uidiv.o(.text)
    __aeabi_uidivmod                         0x0001b12d   Thumb Code    44  uidiv.o(.text)
    __aeabi_memcpy                           0x0001b159   Thumb Code    36  memcpya.o(.text)
    __aeabi_memcpy4                          0x0001b159   Thumb Code     0  memcpya.o(.text)
    __aeabi_memcpy8                          0x0001b159   Thumb Code     0  memcpya.o(.text)
    __aeabi_memset                           0x0001b17d   Thumb Code    14  memseta.o(.text)
    __aeabi_memset4                          0x0001b17d   Thumb Code     0  memseta.o(.text)
    __aeabi_memset8                          0x0001b17d   Thumb Code     0  memseta.o(.text)
    __aeabi_memclr                           0x0001b18b   Thumb Code     4  memseta.o(.text)
    __aeabi_memclr4                          0x0001b18b   Thumb Code     0  memseta.o(.text)
    __aeabi_memclr8                          0x0001b18b   Thumb Code     0  memseta.o(.text)
    _memset$wrapper                          0x0001b18f   Thumb Code    18  memseta.o(.text)
    __aeabi_uldivmod                         0x0001b1a1   Thumb Code    96  uldiv.o(.text)
    __I$use$fp                               0x0001b201   Thumb Code     0  iusefp.o(.text)
    __aeabi_dadd                             0x0001b201   Thumb Code   328  dadd.o(.text)
    __aeabi_dsub                             0x0001b349   Thumb Code    12  dadd.o(.text)
    __aeabi_drsub                            0x0001b355   Thumb Code    12  dadd.o(.text)
    __aeabi_dmul                             0x0001b365   Thumb Code   202  dmul.o(.text)
    __aeabi_ddiv                             0x0001b435   Thumb Code   234  ddiv.o(.text)
    __aeabi_d2ulz                            0x0001b525   Thumb Code    54  dfixul.o(.text)
    __aeabi_cdrcmple                         0x0001b565   Thumb Code    38  cdrcmple.o(.text)
    __scatterload                            0x0001b58d   Thumb Code    28  init.o(.text)
    __scatterload_rt2                        0x0001b58d   Thumb Code     0  init.o(.text)
    __aeabi_llsl                             0x0001b5b1   Thumb Code    32  llshl.o(.text)
    _ll_shift_l                              0x0001b5b1   Thumb Code     0  llshl.o(.text)
    __aeabi_llsr                             0x0001b5d1   Thumb Code    34  llushr.o(.text)
    _ll_ushift_r                             0x0001b5d1   Thumb Code     0  llushr.o(.text)
    __aeabi_lasr                             0x0001b5f3   Thumb Code    38  llsshr.o(.text)
    _ll_sshift_r                             0x0001b5f3   Thumb Code     0  llsshr.o(.text)
    _double_round                            0x0001b619   Thumb Code    26  depilogue.o(.text)
    _double_epilogue                         0x0001b633   Thumb Code   164  depilogue.o(.text)
    __decompress                             0x0001b6d7   Thumb Code     0  __dczerorl2.o(.text)
    __decompress1                            0x0001b6d7   Thumb Code    86  __dczerorl2.o(.text)
    GPIOTE_IRQHandler                        0x0001b72d   Thumb Code   312  nrf_drv_gpiote.o(i.GPIOTE_IRQHandler)
    RTC1_IRQHandler                          0x0001b8c5   Thumb Code    28  app_timer.o(i.RTC1_IRQHandler)
    SPI0_TWI0_IRQHandler                     0x0001b8e5   Thumb Code    46  nrf_drv_spi.o(i.SPI0_TWI0_IRQHandler)
    SWI0_IRQHandler                          0x0001b91d   Thumb Code     8  app_timer.o(i.SWI0_IRQHandler)
    SWI2_IRQHandler                          0x0001b925   Thumb Code    28  softdevice_handler.o(i.SWI2_IRQHandler)
    SystemInit                               0x0001b945   Thumb Code   186  system_nrf51.o(i.SystemInit)
    UART0_IRQHandler                         0x0001ba31   Thumb Code     8  nrf_drv_uart.o(i.UART0_IRQHandler)
    __0printf                                0x0001ba39   Thumb Code    24  printfa.o(i.__0printf)
    __1printf                                0x0001ba39   Thumb Code     0  printfa.o(i.__0printf)
    __2printf                                0x0001ba39   Thumb Code     0  printfa.o(i.__0printf)
    __c89printf                              0x0001ba39   Thumb Code     0  printfa.o(i.__0printf)
    printf                                   0x0001ba39   Thumb Code     0  printfa.o(i.__0printf)
    __0vprintf                               0x0001ba59   Thumb Code    12  printfa.o(i.__0vprintf)
    __1vprintf                               0x0001ba59   Thumb Code     0  printfa.o(i.__0vprintf)
    __2vprintf                               0x0001ba59   Thumb Code     0  printfa.o(i.__0vprintf)
    __c89vprintf                             0x0001ba59   Thumb Code     0  printfa.o(i.__0vprintf)
    vprintf                                  0x0001ba59   Thumb Code     0  printfa.o(i.__0vprintf)
    __ARM_clz                                0x0001ba6d   Thumb Code    46  depilogue.o(i.__ARM_clz)
    __ARM_common_switch8                     0x0001ba9b   Thumb Code    26  bsp.o(i.__ARM_common_switch8)
    __scatterload_copy                       0x0001bab5   Thumb Code    14  handlers.o(i.__scatterload_copy)
    __scatterload_null                       0x0001bac3   Thumb Code     2  handlers.o(i.__scatterload_null)
    __scatterload_zeroinit                   0x0001bac5   Thumb Code    14  handlers.o(i.__scatterload_zeroinit)
    adv_data_encode                          0x0001c365   Thumb Code   534  ble_advdata.o(i.adv_data_encode)
    app_button_enable                        0x0001c5d1   Thumb Code    32  app_button.o(i.app_button_enable)
    app_button_init                          0x0001c5f5   Thumb Code   100  app_button.o(i.app_button_init)
    app_error_fault_handler                  0x0001c669   Thumb Code    18  app_error_weak.o(i.app_error_fault_handler)
    app_error_handler_bare                   0x0001c685   Thumb Code    20  app_error.o(i.app_error_handler_bare)
    app_fifo_get                             0x0001c69d   Thumb Code    22  app_fifo.o(i.app_fifo_get)
    app_fifo_init                            0x0001c6b3   Thumb Code    36  app_fifo.o(i.app_fifo_init)
    app_fifo_put                             0x0001c6d7   Thumb Code    26  app_fifo.o(i.app_fifo_put)
    app_timer_create                         0x0001c6f1   Thumb Code    40  app_timer.o(i.app_timer_create)
    app_timer_init                           0x0001c71d   Thumb Code   126  app_timer.o(i.app_timer_init)
    app_timer_start                          0x0001c7ad   Thumb Code   114  app_timer.o(i.app_timer_start)
    app_timer_stop                           0x0001c829   Thumb Code    78  app_timer.o(i.app_timer_stop)
    app_uart_get                             0x0001c87d   Thumb Code    44  app_uart_fifo.o(i.app_uart_get)
    app_uart_init                            0x0001c8b1   Thumb Code   144  app_uart_fifo.o(i.app_uart_init)
    app_uart_put                             0x0001c951   Thumb Code    48  app_uart_fifo.o(i.app_uart_put)
    ble_advdata_set                          0x0001c989   Thumb Code   104  ble_advdata.o(i.ble_advdata_set)
    ble_advertising_init                     0x0001c9f1   Thumb Code   284  ble_advertising.o(i.ble_advertising_init)
    ble_advertising_on_ble_evt               0x0001cb15   Thumb Code   118  ble_advertising.o(i.ble_advertising_on_ble_evt)
    ble_advertising_start                    0x0001cba1   Thumb Code   482  ble_advertising.o(i.ble_advertising_start)
    ble_conn_params_init                     0x0001cd8d   Thumb Code    68  ble_conn_params.o(i.ble_conn_params_init)
    ble_conn_params_on_ble_evt               0x0001cde1   Thumb Code   132  ble_conn_params.o(i.ble_conn_params_on_ble_evt)
    ble_nus_init                             0x0001cef9   Thumb Code    98  ble_nus.o(i.ble_nus_init)
    ble_nus_on_ble_evt                       0x0001cf61   Thumb Code    88  ble_nus.o(i.ble_nus_on_ble_evt)
    ble_nus_string_send                      0x0001cfb9   Thumb Code    78  ble_nus.o(i.ble_nus_string_send)
    bsp_btn_ble_on_ble_evt                   0x0001d07d   Thumb Code   114  bsp_btn_ble.o(i.bsp_btn_ble_on_ble_evt)
    bsp_btn_ble_sleep_mode_prepare           0x0001d0f5   Thumb Code    20  bsp_btn_ble.o(i.bsp_btn_ble_sleep_mode_prepare)
    bsp_configuration                        0x0001d181   Thumb Code    22  main.o(i.bsp_configuration)
    bsp_event_to_button_action_assign        0x0001d1a1   Thumb Code    50  bsp.o(i.bsp_event_to_button_action_assign)
    bsp_evt_handler                          0x0001d1d9   Thumb Code    64  main.o(i.bsp_evt_handler)
    bsp_indication_set                       0x0001d21d   Thumb Code    22  bsp.o(i.bsp_indication_set)
    bsp_indication_text_set                  0x0001d239   Thumb Code     8  bsp.o(i.bsp_indication_text_set)
    bsp_init                                 0x0001d241   Thumb Code   130  bsp.o(i.bsp_init)
    bsp_wakeup_buttons_set                   0x0001d4a5   Thumb Code    36  bsp.o(i.bsp_wakeup_buttons_set)
    fputc                                    0x0001d7b7   Thumb Code    14  retarget.o(i.fputc)
    fs_queued_op_count_get                   0x0001d7c5   Thumb Code    18  fstorage.o(i.fs_queued_op_count_get)
    intern_softdevice_events_execute         0x0001d82d   Thumb Code   116  softdevice_handler.o(i.intern_softdevice_events_execute)
    log_uart_printf                          0x0001db05   Thumb Code    20  nrf_log.o(i.log_uart_printf)
    main                                     0x0001db19   Thumb Code   316  main.o(i.main)
    nrf_drv_common_irq_enable                0x0001dda5   Thumb Code    78  nrf_drv_common.o(i.nrf_drv_common_irq_enable)
    nrf_drv_gpiote_in_event_enable           0x0001de05   Thumb Code   138  nrf_drv_gpiote.o(i.nrf_drv_gpiote_in_event_enable)
    nrf_drv_gpiote_in_init                   0x0001dea5   Thumb Code   146  nrf_drv_gpiote.o(i.nrf_drv_gpiote_in_init)
    nrf_drv_gpiote_in_is_set                 0x0001df49   Thumb Code    16  nrf_drv_gpiote.o(i.nrf_drv_gpiote_in_is_set)
    nrf_drv_gpiote_init                      0x0001df5d   Thumb Code    76  nrf_drv_gpiote.o(i.nrf_drv_gpiote_init)
    nrf_drv_gpiote_is_init                   0x0001dfb1   Thumb Code    12  nrf_drv_gpiote.o(i.nrf_drv_gpiote_is_init)
    nrf_drv_spi_init                         0x0001dfc1   Thumb Code   270  nrf_drv_spi.o(i.nrf_drv_spi_init)
    nrf_drv_spi_transfer                     0x0001e0e1   Thumb Code    24  nrf_drv_spi.o(i.nrf_drv_spi_transfer)
    nrf_drv_spi_xfer                         0x0001e0f9   Thumb Code    98  nrf_drv_spi.o(i.nrf_drv_spi_xfer)
    nrf_drv_uart_init                        0x0001e165   Thumb Code   170  nrf_drv_uart.o(i.nrf_drv_uart_init)
    nrf_drv_uart_rx                          0x0001e22d   Thumb Code    66  nrf_drv_uart.o(i.nrf_drv_uart_rx)
    nrf_drv_uart_rx_enable                   0x0001e279   Thumb Code    20  nrf_drv_uart.o(i.nrf_drv_uart_rx_enable)
    nrf_drv_uart_tx                          0x0001e32d   Thumb Code    32  nrf_drv_uart.o(i.nrf_drv_uart_tx)
    nrf_drv_uart_tx_in_progress              0x0001e3c5   Thumb Code    12  nrf_drv_uart.o(i.nrf_drv_uart_tx_in_progress)
    pstorage_access_status_get               0x0001e5ed   Thumb Code    30  pstorage.o(i.pstorage_access_status_get)
    sd_check_ram_start                       0x0001e769   Thumb Code    10  softdevice_handler.o(i.sd_check_ram_start)
    softdevice_ble_evt_handler_set           0x0001e8bd   Thumb Code    16  softdevice_handler.o(i.softdevice_ble_evt_handler_set)
    softdevice_enable                        0x0001e8d1   Thumb Code    14  softdevice_handler.o(i.softdevice_enable)
    softdevice_enable_get_default_config     0x0001e8e5   Thumb Code    40  softdevice_handler.o(i.softdevice_enable_get_default_config)
    softdevice_fault_handler                 0x0001e90d   Thumb Code     8  softdevice_handler.o(i.softdevice_fault_handler)
    softdevice_handler_init                  0x0001e915   Thumb Code    42  softdevice_handler.o(i.softdevice_handler_init)
    spi_event_handler                        0x0001e949   Thumb Code    36  main.o(i.spi_event_handler)
    spi_init                                 0x0001e999   Thumb Code    86  main.o(i.spi_init)
    temp_service                             0x0001ea71   Thumb Code    48  main.o(i.temp_service)
    uart_event_handle                        0x0001ed21   Thumb Code    84  main.o(i.uart_event_handle)
    Region$$Table$$Base                      0x0001f474   Number         0  anon$$obj.o(Region$$Table)
    Region$$Table$$Limit                     0x0001f494   Number         0  anon$$obj.o(Region$$Table)
    Image$$RW_IRAM1$$Base                    0x20002080   Number         0  anon$$obj.o ABSOLUTE
    actual_state                             0x20002080   Data           1  main.o(.data)
    indications_list                         0x20002098   Data          96  main.o(.data)
    __stdout                                 0x200021ac   Data           4  retarget.o(.data)
    nrf_nvic_state                           0x200021c4   Data           8  softdevice_handler.o(.data)
    SystemCoreClock                          0x200021cc   Data           4  system_nrf51.o(.data)
    __initial_sp                             0x200031a8   Data           0  arm_startup_nrf51.o(STACK)



==============================================================================

Memory Map of the image

  Image Entry point : 0x0001b0c1

  Load Region LR_IROM1 (Base: 0x0001b000, Size: 0x000045e4, Max: 0x00025000, ABSOLUTE, COMPRESSED[0x000044f0])

    Execution Region ER_IROM1 (Base: 0x0001b000, Size: 0x00004494, Max: 0x00025000, ABSOLUTE)

    Base Addr    Size         Type   Attr      Idx    E Section Name        Object

    0x0001b000   0x000000c0   Data   RO         2465    RESET               arm_startup_nrf51.o
    0x0001b0c0   0x00000000   Code   RO         2507  * .ARM.Collect$$$$00000000  mc_p.l(entry.o)
    0x0001b0c0   0x00000004   Code   RO         2784    .ARM.Collect$$$$00000001  mc_p.l(entry2.o)
    0x0001b0c4   0x00000004   Code   RO         2787    .ARM.Collect$$$$00000004  mc_p.l(entry5.o)
    0x0001b0c8   0x00000000   Code   RO         2789    .ARM.Collect$$$$00000008  mc_p.l(entry7b.o)
    0x0001b0c8   0x00000000   Code   RO         2791    .ARM.Collect$$$$0000000A  mc_p.l(entry8b.o)
    0x0001b0c8   0x00000008   Code   RO         2792    .ARM.Collect$$$$0000000B  mc_p.l(entry9a.o)
    0x0001b0d0   0x00000000   Code   RO         2794    .ARM.Collect$$$$0000000D  mc_p.l(entry10a.o)
    0x0001b0d0   0x00000000   Code   RO         2796    .ARM.Collect$$$$0000000F  mc_p.l(entry11a.o)
    0x0001b0d0   0x00000004   Code   RO         2785    .ARM.Collect$$$$00002712  mc_p.l(entry2.o)
    0x0001b0d4   0x0000001e   Code   RO         1800    .emb_text           app_timer.o
    0x0001b0f2   0x00000002   PAD
    0x0001b0f4   0x00000038   Code   RO         2466    .text               arm_startup_nrf51.o
    0x0001b12c   0x0000002c   Code   RO         2510    .text               mc_p.l(uidiv.o)
    0x0001b158   0x00000024   Code   RO         2514    .text               mc_p.l(memcpya.o)
    0x0001b17c   0x00000024   Code   RO         2516    .text               mc_p.l(memseta.o)
    0x0001b1a0   0x00000060   Code   RO         2798    .text               mc_p.l(uldiv.o)
    0x0001b200   0x00000000   Code   RO         2800    .text               mc_p.l(iusefp.o)
    0x0001b200   0x00000164   Code   RO         2801    .text               mf_p.l(dadd.o)
    0x0001b364   0x000000d0   Code   RO         2803    .text               mf_p.l(dmul.o)
    0x0001b434   0x000000f0   Code   RO         2805    .text               mf_p.l(ddiv.o)
    0x0001b524   0x00000040   Code   RO         2807    .text               mf_p.l(dfixul.o)
    0x0001b564   0x00000028   Code   RO         2809    .text               mf_p.l(cdrcmple.o)
    0x0001b58c   0x00000024   Code   RO         2811    .text               mc_p.l(init.o)
    0x0001b5b0   0x00000020   Code   RO         2813    .text               mc_p.l(llshl.o)
    0x0001b5d0   0x00000022   Code   RO         2815    .text               mc_p.l(llushr.o)
    0x0001b5f2   0x00000026   Code   RO         2817    .text               mc_p.l(llsshr.o)
    0x0001b618   0x000000be   Code   RO         2819    .text               mf_p.l(depilogue.o)
    0x0001b6d6   0x00000056   Code   RO         2831    .text               mc_p.l(__dczerorl2.o)
    0x0001b72c   0x00000154   Code   RO          936    i.GPIOTE_IRQHandler  nrf_drv_gpiote.o
    0x0001b880   0x00000044   Code   RO         1801    i.NVIC_SetPriority  app_timer.o
    0x0001b8c4   0x00000020   Code   RO         1802    i.RTC1_IRQHandler   app_timer.o
    0x0001b8e4   0x00000038   Code   RO         1539    i.SPI0_TWI0_IRQHandler  nrf_drv_spi.o
    0x0001b91c   0x00000008   Code   RO         1803    i.SWI0_IRQHandler   app_timer.o
    0x0001b924   0x00000020   Code   RO         2370    i.SWI2_IRQHandler   softdevice_handler.o
    0x0001b944   0x000000ec   Code   RO         2473    i.SystemInit        system_nrf51.o
    0x0001ba30   0x00000008   Code   RO         1126    i.UART0_IRQHandler  nrf_drv_uart.o
    0x0001ba38   0x00000020   Code   RO         2757    i.__0printf         mc_p.l(printfa.o)
    0x0001ba58   0x00000014   Code   RO         2761    i.__0vprintf        mc_p.l(printfa.o)
    0x0001ba6c   0x0000002e   Code   RO         2821    i.__ARM_clz         mf_p.l(depilogue.o)
    0x0001ba9a   0x0000001a   Code   RO          417    i.__ARM_common_switch8  bsp.o
    0x0001bab4   0x0000000e   Code   RO         2825    i.__scatterload_copy  mc_p.l(handlers.o)
    0x0001bac2   0x00000002   Code   RO         2826    i.__scatterload_null  mc_p.l(handlers.o)
    0x0001bac4   0x0000000e   Code   RO         2827    i.__scatterload_zeroinit  mc_p.l(handlers.o)
    0x0001bad2   0x00000002   PAD
    0x0001bad4   0x00000158   Code   RO         2764    i._fp_digits        mc_p.l(printfa.o)
    0x0001bc2c   0x000006ec   Code   RO         2765    i._printf_core      mc_p.l(printfa.o)
    0x0001c318   0x00000020   Code   RO         2766    i._printf_post_padding  mc_p.l(printfa.o)
    0x0001c338   0x0000002c   Code   RO         2767    i._printf_pre_padding  mc_p.l(printfa.o)
    0x0001c364   0x00000216   Code   RO          471    i.adv_data_encode   ble_advdata.o
    0x0001c57a   0x0000003c   Code   RO          432    i.advertising_buttons_configure  bsp_btn_ble.o
    0x0001c5b6   0x00000002   PAD
    0x0001c5b8   0x00000018   Code   RO          324    i.alert_timer_handler  bsp.o
    0x0001c5d0   0x00000024   Code   RO         1618    i.app_button_enable  app_button.o
    0x0001c5f4   0x00000074   Code   RO         1619    i.app_button_init   app_button.o
    0x0001c668   0x0000001c   Code   RO         1711    i.app_error_fault_handler  app_error_weak.o
    0x0001c684   0x00000018   Code   RO         1676    i.app_error_handler_bare  app_error.o
    0x0001c69c   0x00000016   Code   RO         1735    i.app_fifo_get      app_fifo.o
    0x0001c6b2   0x00000024   Code   RO         1736    i.app_fifo_init     app_fifo.o
    0x0001c6d6   0x0000001a   Code   RO         1738    i.app_fifo_put      app_fifo.o
    0x0001c6f0   0x0000002c   Code   RO         1806    i.app_timer_create  app_timer.o
    0x0001c71c   0x00000090   Code   RO         1807    i.app_timer_init    app_timer.o
    0x0001c7ac   0x0000007c   Code   RO         1808    i.app_timer_start   app_timer.o
    0x0001c828   0x00000054   Code   RO         1809    i.app_timer_stop    app_timer.o
    0x0001c87c   0x00000034   Code   RO          803    i.app_uart_get      app_uart_fifo.o
    0x0001c8b0   0x000000a0   Code   RO          804    i.app_uart_init     app_uart_fifo.o
    0x0001c950   0x00000038   Code   RO          805    i.app_uart_put      app_uart_fifo.o
    0x0001c988   0x00000068   Code   RO          472    i.ble_advdata_set   ble_advdata.o
    0x0001c9f0   0x00000124   Code   RO          558    i.ble_advertising_init  ble_advertising.o
    0x0001cb14   0x0000007c   Code   RO          559    i.ble_advertising_on_ble_evt  ble_advertising.o
    0x0001cb90   0x00000010   Code   RO          562    i.ble_advertising_peer_address_clear  ble_advertising.o
    0x0001cba0   0x000001ec   Code   RO          564    i.ble_advertising_start  ble_advertising.o
    0x0001cd8c   0x00000054   Code   RO          645    i.ble_conn_params_init  ble_conn_params.o
    0x0001cde0   0x00000090   Code   RO          646    i.ble_conn_params_on_ble_evt  ble_conn_params.o
    0x0001ce70   0x0000005e   Code   RO          473    i.ble_device_addr_encode  ble_advdata.o
    0x0001cece   0x00000002   PAD
    0x0001ced0   0x00000028   Code   RO            5    i.ble_evt_dispatch  main.o
    0x0001cef8   0x00000068   Code   RO          715    i.ble_nus_init      ble_nus.o
    0x0001cf60   0x00000058   Code   RO          716    i.ble_nus_on_ble_evt  ble_nus.o
    0x0001cfb8   0x00000054   Code   RO          717    i.ble_nus_string_send  ble_nus.o
    0x0001d00c   0x00000070   Code   RO            6    i.ble_stack_init    main.o
    0x0001d07c   0x00000078   Code   RO          434    i.bsp_btn_ble_on_ble_evt  bsp_btn_ble.o
    0x0001d0f4   0x00000014   Code   RO          435    i.bsp_btn_ble_sleep_mode_prepare  bsp_btn_ble.o
    0x0001d108   0x00000078   Code   RO          325    i.bsp_button_event_handler  bsp.o
    0x0001d180   0x00000020   Code   RO            7    i.bsp_configuration  main.o
    0x0001d1a0   0x00000038   Code   RO          330    i.bsp_event_to_button_action_assign  bsp.o
    0x0001d1d8   0x00000044   Code   RO            9    i.bsp_evt_handler   main.o
    0x0001d21c   0x0000001c   Code   RO          331    i.bsp_indication_set  bsp.o
    0x0001d238   0x00000008   Code   RO          332    i.bsp_indication_text_set  bsp.o
    0x0001d240   0x0000009c   Code   RO          333    i.bsp_init          bsp.o
    0x0001d2dc   0x000001c8   Code   RO          334    i.bsp_led_indication  bsp.o
    0x0001d4a4   0x0000002c   Code   RO          335    i.bsp_wakeup_buttons_set  bsp.o
    0x0001d4d0   0x0000000c   Code   RO          336    i.button_timer_handler  bsp.o
    0x0001d4dc   0x0000001c   Code   RO          937    i.channel_free      nrf_drv_gpiote.o
    0x0001d4f8   0x00000048   Code   RO          938    i.channel_port_alloc  nrf_drv_gpiote.o
    0x0001d540   0x00000010   Code   RO          939    i.channel_port_get  nrf_drv_gpiote.o
    0x0001d550   0x000000a8   Code   RO         1811    i.compare_reg_update  app_timer.o
    0x0001d5f8   0x00000088   Code   RO          474    i.conn_int_encode   ble_advdata.o
    0x0001d680   0x00000008   Code   RO           10    i.conn_params_error_handler  main.o
    0x0001d688   0x00000068   Code   RO          648    i.conn_params_negotiation  ble_conn_params.o
    0x0001d6f0   0x00000060   Code   RO         1621    i.detection_delay_timeout_handler  app_button.o
    0x0001d750   0x00000040   Code   RO         1812    i.elapsed_ticks_acquire  app_timer.o
    0x0001d790   0x00000014   Code   RO         1741    i.fifo_get          app_fifo.o
    0x0001d7a4   0x00000012   Code   RO         1742    i.fifo_put          app_fifo.o
    0x0001d7b6   0x0000000e   Code   RO         2190    i.fputc             retarget.o
    0x0001d7c4   0x00000018   Code   RO         1996    i.fs_queued_op_count_get  fstorage.o
    0x0001d7dc   0x00000050   Code   RO         1622    i.gpiote_event_handler  app_button.o
    0x0001d82c   0x00000078   Code   RO         2371    i.intern_softdevice_events_execute  softdevice_handler.o
    0x0001d8a4   0x0000001c   Code   RO          649    i.is_conn_params_ok  ble_conn_params.o
    0x0001d8c0   0x00000048   Code   RO         2474    i.is_manual_peripheral_setup_needed  system_nrf51.o
    0x0001d908   0x00000054   Code   RO          475    i.le_role_encode    ble_advdata.o
    0x0001d95c   0x00000018   Code   RO          337    i.leds_timer_handler  bsp.o
    0x0001d974   0x000000bc   Code   RO         1813    i.list_deletions_handler  app_timer.o
    0x0001da30   0x000000d4   Code   RO         1814    i.list_insertions_handler  app_timer.o
    0x0001db04   0x00000014   Code   RO         2099    i.log_uart_printf   nrf_log.o
    0x0001db18   0x00000184   Code   RO           11    i.main              main.o
    0x0001dc9c   0x00000068   Code   RO          476    i.manuf_specific_data_encode  ble_advdata.o
    0x0001dd04   0x0000009e   Code   RO          477    i.name_encode       ble_advdata.o
    0x0001dda2   0x00000002   PAD
    0x0001dda4   0x00000060   Code   RO          903    i.nrf_drv_common_irq_enable  nrf_drv_common.o
    0x0001de04   0x000000a0   Code   RO          942    i.nrf_drv_gpiote_in_event_enable  nrf_drv_gpiote.o
    0x0001dea4   0x000000a4   Code   RO          943    i.nrf_drv_gpiote_in_init  nrf_drv_gpiote.o
    0x0001df48   0x00000014   Code   RO          944    i.nrf_drv_gpiote_in_is_set  nrf_drv_gpiote.o
    0x0001df5c   0x00000054   Code   RO          946    i.nrf_drv_gpiote_init  nrf_drv_gpiote.o
    0x0001dfb0   0x00000010   Code   RO          947    i.nrf_drv_gpiote_is_init  nrf_drv_gpiote.o
    0x0001dfc0   0x00000120   Code   RO         1540    i.nrf_drv_spi_init  nrf_drv_spi.o
    0x0001e0e0   0x00000018   Code   RO         1541    i.nrf_drv_spi_transfer  nrf_drv_spi.o
    0x0001e0f8   0x0000006c   Code   RO         1543    i.nrf_drv_spi_xfer  nrf_drv_spi.o
    0x0001e164   0x000000c8   Code   RO         1128    i.nrf_drv_uart_init  nrf_drv_uart.o
    0x0001e22c   0x0000004c   Code   RO         1129    i.nrf_drv_uart_rx   nrf_drv_uart.o
    0x0001e278   0x00000018   Code   RO         1132    i.nrf_drv_uart_rx_enable  nrf_drv_uart.o
    0x0001e290   0x0000009c   Code   RO         1133    i.nrf_drv_uart_rx_for_uart  nrf_drv_uart.o
    0x0001e32c   0x00000024   Code   RO         1134    i.nrf_drv_uart_tx   nrf_drv_uart.o
    0x0001e350   0x00000074   Code   RO         1136    i.nrf_drv_uart_tx_for_uart  nrf_drv_uart.o
    0x0001e3c4   0x00000010   Code   RO         1137    i.nrf_drv_uart_tx_in_progress  nrf_drv_uart.o
    0x0001e3d4   0x00000024   Code   RO          959    i.nrf_gpio_cfg      nrf_drv_gpiote.o
    0x0001e3f8   0x00000024   Code   RO         1139    i.nrf_gpio_cfg      nrf_drv_uart.o
    0x0001e41c   0x00000024   Code   RO         1544    i.nrf_gpio_cfg      nrf_drv_spi.o
    0x0001e440   0x00000012   Code   RO         1141    i.nrf_gpio_cfg_input  nrf_drv_uart.o
    0x0001e452   0x00000014   Code   RO         1142    i.nrf_gpio_cfg_output  nrf_drv_uart.o
    0x0001e466   0x00000014   Code   RO         1545    i.nrf_gpio_cfg_output  nrf_drv_spi.o
    0x0001e47a   0x00000002   PAD
    0x0001e47c   0x00000020   Code   RO          961    i.nrf_gpio_cfg_sense_set  nrf_drv_gpiote.o
    0x0001e49c   0x00000010   Code   RO         1546    i.nrf_gpio_pin_set  nrf_drv_spi.o
    0x0001e4ac   0x00000014   Code   RO          962    i.nrf_gpiote_event_is_set  nrf_drv_gpiote.o
    0x0001e4c0   0x0000000a   Code   RO         1143    i.nrf_uart_event_check  nrf_drv_uart.o
    0x0001e4ca   0x00000010   Code   RO         1144    i.nrf_uart_int_enable_check  nrf_drv_uart.o
    0x0001e4da   0x00000026   Code   RO           12    i.nus_data_handler  main.o
    0x0001e500   0x00000020   Code   RO           13    i.on_adv_evt        main.o
    0x0001e520   0x00000064   Code   RO           14    i.on_ble_evt        main.o
    0x0001e584   0x00000020   Code   RO           15    i.on_conn_params_evt  main.o
    0x0001e5a4   0x00000016   Code   RO          566    i.peer_address_exists  ble_advertising.o
    0x0001e5ba   0x00000002   PAD
    0x0001e5bc   0x00000018   Code   RO          963    i.pin_in_use_by_port  nrf_drv_gpiote.o
    0x0001e5d4   0x00000018   Code   RO          964    i.pin_in_use_by_te  nrf_drv_gpiote.o
    0x0001e5ec   0x00000028   Code   RO         1312    i.pstorage_access_status_get  pstorage.o
    0x0001e614   0x00000044   Code   RO         1815    i.rtc1_stop         app_timer.o
    0x0001e658   0x00000038   Code   RO         1145    i.rx_byte           nrf_drv_uart.o
    0x0001e690   0x0000009e   Code   RO          718    i.rx_char_add       ble_nus.o
    0x0001e72e   0x00000002   PAD
    0x0001e730   0x0000001c   Code   RO         1146    i.rx_done_event     nrf_drv_uart.o
    0x0001e74c   0x0000001c   Code   RO         1147    i.rx_enable         nrf_drv_uart.o
    0x0001e768   0x00000010   Code   RO         2372    i.sd_check_ram_start  softdevice_handler.o
    0x0001e778   0x0000008c   Code   RO         2373    i.sd_nvic_EnableIRQ  softdevice_handler.o
    0x0001e804   0x0000008e   Code   RO          478    i.service_data_encode  ble_advdata.o
    0x0001e892   0x00000028   Code   RO           16    i.sleep_mode_enter  main.o
    0x0001e8ba   0x00000002   PAD
    0x0001e8bc   0x00000014   Code   RO         2374    i.softdevice_ble_evt_handler_set  softdevice_handler.o
    0x0001e8d0   0x00000014   Code   RO         2375    i.softdevice_enable  softdevice_handler.o
    0x0001e8e4   0x00000028   Code   RO         2376    i.softdevice_enable_get_default_config  softdevice_handler.o
    0x0001e90c   0x00000008   Code   RO         2377    i.softdevice_fault_handler  softdevice_handler.o
    0x0001e914   0x00000034   Code   RO         2378    i.softdevice_handler_init  softdevice_handler.o
    0x0001e948   0x00000050   Code   RO           17    i.spi_event_handler  main.o
    0x0001e998   0x00000064   Code   RO           18    i.spi_init          main.o
    0x0001e9fc   0x00000072   Code   RO         1547    i.spi_xfer          nrf_drv_spi.o
    0x0001ea6e   0x00000002   PAD
    0x0001ea70   0x00000040   Code   RO           19    i.temp_service      main.o
    0x0001eab0   0x00000084   Code   RO         1816    i.timer_list_handler  app_timer.o
    0x0001eb34   0x00000010   Code   RO         1817    i.timer_list_handler_sched  app_timer.o
    0x0001eb44   0x00000040   Code   RO         1818    i.timer_list_insert  app_timer.o
    0x0001eb84   0x00000080   Code   RO         1819    i.timer_timeouts_check  app_timer.o
    0x0001ec04   0x00000050   Code   RO         1548    i.transfer_byte     nrf_drv_spi.o
    0x0001ec54   0x0000002c   Code   RO         1148    i.tx_byte           nrf_drv_uart.o
    0x0001ec80   0x00000080   Code   RO          719    i.tx_char_add       ble_nus.o
    0x0001ed00   0x00000020   Code   RO         1149    i.tx_done_event     nrf_drv_uart.o
    0x0001ed20   0x00000060   Code   RO           20    i.uart_event_handle  main.o
    0x0001ed80   0x000000b0   Code   RO          806    i.uart_event_handler  app_uart_fifo.o
    0x0001ee30   0x00000128   Code   RO         1150    i.uart_irq_handler  nrf_drv_uart.o
    0x0001ef58   0x0000000a   Code   RO          479    i.uint16_encode     ble_advdata.o
    0x0001ef62   0x00000002   PAD
    0x0001ef64   0x00000064   Code   RO          650    i.update_timeout_handler  ble_conn_params.o
    0x0001efc8   0x00000054   Code   RO         1820    i.user_id_get       app_timer.o
    0x0001f01c   0x00000026   Code   RO         1821    i.user_op_alloc     app_timer.o
    0x0001f042   0x00000030   Code   RO          480    i.uuid_list_encode  ble_advdata.o
    0x0001f072   0x000000ae   Code   RO          481    i.uuid_list_sized_encode  ble_advdata.o
    0x0001f120   0x00000010   Code   RO          567    i.whitelist_has_entries  ble_advertising.o
    0x0001f130   0x00000028   Data   RO           22    .constdata          main.o
    0x0001f158   0x00000018   Data   RO          341    .constdata          bsp.o
    0x0001f170   0x00000004   Data   RO          653    .constdata          ble_conn_params.o
    0x0001f174   0x00000010   Data   RO          720    .constdata          ble_nus.o
    0x0001f184   0x00000020   Data   RO          808    .constdata          app_uart_fifo.o
    0x0001f1a4   0x00000020   Data   RO         1152    .constdata          nrf_drv_uart.o
    0x0001f1c4   0x00000010   Data   RO         1550    .constdata          nrf_drv_spi.o
    0x0001f1d4   0x00000008   Data   RO         1624    .constdata          app_button.o
    0x0001f1dc   0x00000298   Data   RO           23    .conststring        main.o
    0x0001f474   0x00000020   Data   RO         2823    Region$$Table       anon$$obj.o


    Execution Region RW_IRAM1 (Base: 0x20002080, Size: 0x00001128, Max: 0x00005f80, ABSOLUTE, COMPRESSED[0x0000005c])

    Base Addr    Size         Type   Attr      Idx    E Section Name        Object

    0x20002080   0x00000078   Data   RW           24    .data               main.o
    0x200020f8   0x00000018   Data   RW          342    .data               bsp.o
    0x20002110   0x00000008   Data   RW          436    .data               bsp_btn_ble.o
    0x20002118   0x0000001f   Data   RW          569    .data               ble_advertising.o
    0x20002137   0x00000001   PAD
    0x20002138   0x00000014   Data   RW          654    .data               ble_conn_params.o
    0x2000214c   0x00000008   Data   RW          809    .data               app_uart_fifo.o
    0x20002154   0x00000024   Data   RW         1337    .data               pstorage.o
    0x20002178   0x00000014   Data   RW         1625    .data               app_button.o
    0x2000218c   0x00000020   Data   RW         1822    .data               app_timer.o
    0x200021ac   0x00000004   Data   RW         2191    .data               retarget.o
    0x200021b0   0x0000001c   Data   RW         2382    .data               softdevice_handler.o
    0x200021cc   0x00000004   Data   RW         2475    .data               system_nrf51.o
    0x200021d0   0x00000440   Zero   RW           21    .bss                main.o
    0x20002610   0x00000020   Zero   RW          338    .bss                bsp.o
    0x20002630   0x00000020   Zero   RW          339    .bss                bsp.o
    0x20002650   0x00000020   Zero   RW          340    .bss                bsp.o
    0x20002670   0x00000103   Zero   RW          568    .bss                ble_advertising.o
    0x20002773   0x00000001   PAD
    0x20002774   0x00000020   Zero   RW          651    .bss                ble_conn_params.o
    0x20002794   0x0000001c   Zero   RW          652    .bss                ble_conn_params.o
    0x200027b0   0x00000020   Zero   RW          807    .bss                app_uart_fifo.o
    0x200027d0   0x00000048   Zero   RW          965    .bss                nrf_drv_gpiote.o
    0x20002818   0x0000001c   Zero   RW         1151    .bss                nrf_drv_uart.o
    0x20002834   0x000000d8   Zero   RW         1335    .bss                pstorage.o
    0x2000290c   0x00000020   Zero   RW         1549    .bss                nrf_drv_spi.o
    0x2000292c   0x00000020   Zero   RW         1623    .bss                app_button.o
    0x2000294c   0x00000058   Zero   RW         2005    .bss                fstorage.o
    0x200029a4   0x00000004   PAD
    0x200029a8   0x00000800   Zero   RW         2463    STACK               arm_startup_nrf51.o


==============================================================================

Image component sizes


      Code (inc. data)   RO Data    RW Data    ZI Data      Debug   Object Name

       328         34          8         20         32       8810   app_button.o
        24          4          0          0          0       2189   app_error.o
        28         10          0          0          0       7078   app_error_weak.o
       122          0          0          0          0       4154   app_fifo.o
      1696        150          0         32          0      30203   app_timer.o
       444         42         32          8         32      10134   app_uart_fifo.o
        56         18        192          0       2048        692   arm_startup_nrf51.o
      1588          6          0          0          0      19988   ble_advdata.o
       962         28          0         31        259       8460   ble_advertising.o
       460         58          4         20         60      13300   ble_conn_params.o
       562         12         16          0          0       5530   ble_nus.o
       954        104         24         24         96       9559   bsp.o
       200          6          0          8          0       3754   bsp_btn_ble.o
        24          6          0          0         88       3696   fstorage.o
      1230        204        704        120       1088     107684   main.o
        96         18          0          0          0       8580   nrf_drv_common.o
      1036        126          0          0         72      22208   nrf_drv_gpiote.o
       742         48         16          0         32      14908   nrf_drv_spi.o
      1216        140         32          0         28      25782   nrf_drv_uart.o
        20          0          0          0          0       1230   nrf_log.o
        40         10          0         36        216      11025   pstorage.o
        14          0          0          4          0       2766   retarget.o
       448         58          0         28          0      18336   softdevice_handler.o
       308         56          0          4          0       2435   system_nrf51.o

    ----------------------------------------------------------------------
     12618       1138       1060        336       4056     342501   Object Totals
         0          0         32          0          0          0   (incl. Generated)
        20          0          0          1          5          0   (incl. Padding)

    ----------------------------------------------------------------------

      Code (inc. data)   RO Data    RW Data    ZI Data      Debug   Library Member Name

        86          0          0          0          0          0   __dczerorl2.o
         0          0          0          0          0          0   entry.o
         0          0          0          0          0          0   entry10a.o
         0          0          0          0          0          0   entry11a.o
         8          4          0          0          0          0   entry2.o
         4          0          0          0          0          0   entry5.o
         0          0          0          0          0          0   entry7b.o
         0          0          0          0          0          0   entry8b.o
         8          4          0          0          0          0   entry9a.o
        30          0          0          0          0          0   handlers.o
        36          8          0          0          0         68   init.o
         0          0          0          0          0          0   iusefp.o
        32          0          0          0          0         68   llshl.o
        38          0          0          0          0         68   llsshr.o
        34          0          0          0          0         68   llushr.o
        36          0          0          0          0         60   memcpya.o
        36          0          0          0          0        100   memseta.o
      2244        106          0          0          0        480   printfa.o
        44          0          0          0          0         72   uidiv.o
        96          0          0          0          0         84   uldiv.o
        40          2          0          0          0         68   cdrcmple.o
       356          4          0          0          0        140   dadd.o
       240          6          0          0          0         84   ddiv.o
       236          0          0          0          0        216   depilogue.o
        64         10          0          0          0         68   dfixul.o
       208          6          0          0          0         88   dmul.o

    ----------------------------------------------------------------------
      3878        150          0          0          0       1732   Library Totals
         2          0          0          0          0          0   (incl. Padding)

    ----------------------------------------------------------------------

      Code (inc. data)   RO Data    RW Data    ZI Data      Debug   Library Name

      2732        122          0          0          0       1068   mc_p.l
      1144         28          0          0          0        664   mf_p.l

    ----------------------------------------------------------------------
      3878        150          0          0          0       1732   Library Totals

    ----------------------------------------------------------------------

==============================================================================


      Code (inc. data)   RO Data    RW Data    ZI Data      Debug   

     16496       1288       1060        336       4056     337225   Grand Totals
     16496       1288       1060         92       4056     337225   ELF Image Totals (compressed)
     16496       1288       1060         92          0          0   ROM Totals

==============================================================================

    Total RO  Size (Code + RO Data)                17556 (  17.14kB)
    Total RW  Size (RW Data + ZI Data)              4392 (   4.29kB)
    Total ROM Size (Code + RO Data + RW Data)      17648 (  17.23kB)

==============================================================================

